Archive member included to satisfy reference by file (symbol)

C:\Users\ASUS\STM32CubeIDE\workspace_1.12.1\UTOM_V32\Drivers\CMSIS\Lib\GCC\libarm_cortexM4lf_math.a(arm_rfft_fast_init_f32.o)
                              ./Core/Src/main.o (arm_rfft_fast_init_f32)
C:\Users\ASUS\STM32CubeIDE\workspace_1.12.1\UTOM_V32\Drivers\CMSIS\Lib\GCC\libarm_cortexM4lf_math.a(arm_rfft_fast_f32.o)
                              ./Core/Src/main.o (arm_rfft_fast_f32)
C:\Users\ASUS\STM32CubeIDE\workspace_1.12.1\UTOM_V32\Drivers\CMSIS\Lib\GCC\libarm_cortexM4lf_math.a(arm_cfft_f32.o)
                              C:\Users\ASUS\STM32CubeIDE\workspace_1.12.1\UTOM_V32\Drivers\CMSIS\Lib\GCC\libarm_cortexM4lf_math.a(arm_rfft_fast_f32.o) (arm_cfft_f32)
C:\Users\ASUS\STM32CubeIDE\workspace_1.12.1\UTOM_V32\Drivers\CMSIS\Lib\GCC\libarm_cortexM4lf_math.a(arm_common_tables.o)
                              C:\Users\ASUS\STM32CubeIDE\workspace_1.12.1\UTOM_V32\Drivers\CMSIS\Lib\GCC\libarm_cortexM4lf_math.a(arm_rfft_fast_init_f32.o) (twiddleCoef_rfft_4096)
C:\Users\ASUS\STM32CubeIDE\workspace_1.12.1\UTOM_V32\Drivers\CMSIS\Lib\GCC\libarm_cortexM4lf_math.a(arm_bitreversal2.o)
                              C:\Users\ASUS\STM32CubeIDE\workspace_1.12.1\UTOM_V32\Drivers\CMSIS\Lib\GCC\libarm_cortexM4lf_math.a(arm_cfft_f32.o) (arm_bitreversal_32)
C:\Users\ASUS\STM32CubeIDE\workspace_1.12.1\UTOM_V32\Drivers\CMSIS\Lib\GCC\libarm_cortexM4lf_math.a(arm_cfft_radix8_f32.o)
                              C:\Users\ASUS\STM32CubeIDE\workspace_1.12.1\UTOM_V32\Drivers\CMSIS\Lib\GCC\libarm_cortexM4lf_math.a(arm_cfft_f32.o) (arm_radix8_butterfly_f32)
c:/st/stm32cubeide_1.12.1/stm32cubeide/plugins/com.st.stm32cube.ide.mcu.externaltools.gnu-tools-for-stm32.10.3-2021.10.win32_1.0.200.202301161003/tools/bin/../lib/gcc/arm-none-eabi/10.3.1/../../../../arm-none-eabi/lib/thumb/v7e-m+fp/hard\libc_nano.a(lib_a-exit.o)
                              c:/st/stm32cubeide_1.12.1/stm32cubeide/plugins/com.st.stm32cube.ide.mcu.externaltools.gnu-tools-for-stm32.10.3-2021.10.win32_1.0.200.202301161003/tools/bin/../lib/gcc/arm-none-eabi/10.3.1/../../../../arm-none-eabi/lib/thumb/v7e-m+fp/hard/crt0.o (exit)
c:/st/stm32cubeide_1.12.1/stm32cubeide/plugins/com.st.stm32cube.ide.mcu.externaltools.gnu-tools-for-stm32.10.3-2021.10.win32_1.0.200.202301161003/tools/bin/../lib/gcc/arm-none-eabi/10.3.1/../../../../arm-none-eabi/lib/thumb/v7e-m+fp/hard\libc_nano.a(lib_a-impure.o)
                              c:/st/stm32cubeide_1.12.1/stm32cubeide/plugins/com.st.stm32cube.ide.mcu.externaltools.gnu-tools-for-stm32.10.3-2021.10.win32_1.0.200.202301161003/tools/bin/../lib/gcc/arm-none-eabi/10.3.1/../../../../arm-none-eabi/lib/thumb/v7e-m+fp/hard\libc_nano.a(lib_a-exit.o) (_global_impure_ptr)
c:/st/stm32cubeide_1.12.1/stm32cubeide/plugins/com.st.stm32cube.ide.mcu.externaltools.gnu-tools-for-stm32.10.3-2021.10.win32_1.0.200.202301161003/tools/bin/../lib/gcc/arm-none-eabi/10.3.1/../../../../arm-none-eabi/lib/thumb/v7e-m+fp/hard\libc_nano.a(lib_a-init.o)
                              c:/st/stm32cubeide_1.12.1/stm32cubeide/plugins/com.st.stm32cube.ide.mcu.externaltools.gnu-tools-for-stm32.10.3-2021.10.win32_1.0.200.202301161003/tools/bin/../lib/gcc/arm-none-eabi/10.3.1/../../../../arm-none-eabi/lib/thumb/v7e-m+fp/hard/crt0.o (__libc_init_array)
c:/st/stm32cubeide_1.12.1/stm32cubeide/plugins/com.st.stm32cube.ide.mcu.externaltools.gnu-tools-for-stm32.10.3-2021.10.win32_1.0.200.202301161003/tools/bin/../lib/gcc/arm-none-eabi/10.3.1/../../../../arm-none-eabi/lib/thumb/v7e-m+fp/hard\libc_nano.a(lib_a-memcpy-stub.o)
                              ./Core/Src/state_machine.o (memcpy)
c:/st/stm32cubeide_1.12.1/stm32cubeide/plugins/com.st.stm32cube.ide.mcu.externaltools.gnu-tools-for-stm32.10.3-2021.10.win32_1.0.200.202301161003/tools/bin/../lib/gcc/arm-none-eabi/10.3.1/../../../../arm-none-eabi/lib/thumb/v7e-m+fp/hard\libc_nano.a(lib_a-memset.o)
                              c:/st/stm32cubeide_1.12.1/stm32cubeide/plugins/com.st.stm32cube.ide.mcu.externaltools.gnu-tools-for-stm32.10.3-2021.10.win32_1.0.200.202301161003/tools/bin/../lib/gcc/arm-none-eabi/10.3.1/../../../../arm-none-eabi/lib/thumb/v7e-m+fp/hard/crt0.o (memset)
c:/st/stm32cubeide_1.12.1/stm32cubeide/plugins/com.st.stm32cube.ide.mcu.externaltools.gnu-tools-for-stm32.10.3-2021.10.win32_1.0.200.202301161003/tools/bin/../lib/gcc/arm-none-eabi/10.3.1/../../../../arm-none-eabi/lib/thumb/v7e-m+fp/hard\libm.a(lib_a-s_cos.o)
                              ./Core/Src/main.o (cos)
c:/st/stm32cubeide_1.12.1/stm32cubeide/plugins/com.st.stm32cube.ide.mcu.externaltools.gnu-tools-for-stm32.10.3-2021.10.win32_1.0.200.202301161003/tools/bin/../lib/gcc/arm-none-eabi/10.3.1/../../../../arm-none-eabi/lib/thumb/v7e-m+fp/hard\libm.a(lib_a-wf_sqrt.o)
                              ./Core/Src/main.o (sqrtf)
[...]
Memory Configuration

Name             Origin             Length             Attributes
CCMRAM           0x0000000010000000 0x0000000000004000 xrw
RAM              0x0000000020000000 0x0000000000010000 xrw
FLASH            0x0000000008000000 0x0000000000080000 xr
*default*        0x0000000000000000 0xffffffffffffffff

Linker script and memory map

LOAD c:/st/stm32cubeide_1.12.1/stm32cubeide/plugins/com.st.stm32cube.ide.mcu.externaltools.gnu-tools-for-stm32.10.3-2021.10.win32_1.0.200.202301161003/tools/bin/../lib/gcc/arm-none-eabi/10.3.1/thumb/v7e-m+fp/hard/crti.o
LOAD c:/st/stm32cubeide_1.12.1/stm32cubeide/plugins/com.st.stm32cube.ide.mcu.externaltools.gnu-tools-for-stm32.10.3-2021.10.win32_1.0.200.202301161003/tools/bin/../lib/gcc/arm-none-eabi/10.3.1/thumb/v7e-m+fp/hard/crtbegin.o
LOAD c:/st/stm32cubeide_1.12.1/stm32cubeide/plugins/com.st.stm32cube.ide.mcu.externaltools.gnu-tools-for-stm32.10.3-2021.10.win32_1.0.200.202301161003/tools/bin/../lib/gcc/arm-none-eabi/10.3.1/../../../../arm-none-eabi/lib/thumb/v7e-m+fp/hard/crt0.o
LOAD ./Core/Src/main.o
LOAD ./Core/Src/ring_buffer.o
LOAD ./Core/Src/state_machine.o
LOAD ./Core/Src/stm32f3xx_hal_msp.o
LOAD ./Core/Src/stm32f3xx_it.o
LOAD ./Core/Src/system_stm32f3xx.o
LOAD ./Core/Startup/startup_stm32f303zetx.o
LOAD ./Drivers/STM32F3xx_HAL_Driver/Src/stm32f3xx_hal.o
LOAD ./Drivers/STM32F3xx_HAL_Driver/Src/stm32f3xx_hal_adc.o
LOAD ./Drivers/STM32F3xx_HAL_Driver/Src/stm32f3xx_hal_adc_ex.o
LOAD ./Drivers/STM32F3xx_HAL_Driver/Src/stm32f3xx_hal_cortex.o
LOAD ./Drivers/STM32F3xx_HAL_Driver/Src/stm32f3xx_hal_dac.o
LOAD ./Drivers/STM32F3xx_HAL_Driver/Src/stm32f3xx_hal_dac_ex.o
LOAD ./Drivers/STM32F3xx_HAL_Driver/Src/stm32f3xx_hal_dma.o
LOAD ./Drivers/STM32F3xx_HAL_Driver/Src/stm32f3xx_hal_exti.o
LOAD ./Drivers/STM32F3xx_HAL_Driver/Src/stm32f3xx_hal_flash.o
LOAD ./Drivers/STM32F3xx_HAL_Driver/Src/stm32f3xx_hal_flash_ex.o
LOAD ./Drivers/STM32F3xx_HAL_Driver/Src/stm32f3xx_hal_gpio.o
LOAD ./Drivers/STM32F3xx_HAL_Driver/Src/stm32f3xx_hal_i2c.o
LOAD ./Drivers/STM32F3xx_HAL_Driver/Src/stm32f3xx_hal_i2c_ex.o
LOAD ./Drivers/STM32F3xx_HAL_Driver/Src/stm32f3xx_hal_pwr.o
LOAD ./Drivers/STM32F3xx_HAL_Driver/Src/stm32f3xx_hal_pwr_ex.o
LOAD ./Drivers/STM32F3xx_HAL_Driver/Src/stm32f3xx_hal_rcc.o
LOAD ./Drivers/STM32F3xx_HAL_Driver/Src/stm32f3xx_hal_rcc_ex.o
LOAD ./Drivers/STM32F3xx_HAL_Driver/Src/stm32f3xx_hal_rtc.o
LOAD ./Drivers/STM32F3xx_HAL_Driver/Src/stm32f3xx_hal_rtc_ex.o
LOAD ./Drivers/STM32F3xx_HAL_Driver/Src/stm32f3xx_hal_tim.o
LOAD ./Drivers/STM32F3xx_HAL_Driver/Src/stm32f3xx_hal_tim_ex.o
LOAD ./Drivers/STM32F3xx_HAL_Driver/Src/stm32f3xx_hal_uart.o
LOAD ./Drivers/STM32F3xx_HAL_Driver/Src/stm32f3xx_hal_uart_ex.o
LOAD C:\Users\ASUS\STM32CubeIDE\workspace_1.12.1\UTOM_V32\Drivers\CMSIS\Lib\GCC\libarm_cortexM4lf_math.a
START GROUP
LOAD c:/st/stm32cubeide_1.12.1/stm32cubeide/plugins/com.st.stm32cube.ide.mcu.externaltools.gnu-tools-for-stm32.10.3-2021.10.win32_1.0.200.202301161003/tools/bin/../lib/gcc/arm-none-eabi/10.3.1/../../../../arm-none-eabi/lib/thumb/v7e-m+fp/hard\libc_nano.a
LOAD c:/st/stm32cubeide_1.12.1/stm32cubeide/plugins/com.st.stm32cube.ide.mcu.externaltools.gnu-tools-for-stm32.10.3-2021.10.win32_1.0.200.202301161003/tools/bin/../lib/gcc/arm-none-eabi/10.3.1/../../../../arm-none-eabi/lib/thumb/v7e-m+fp/hard\libm.a
END GROUP
START GROUP
LOAD c:/st/stm32cubeide_1.12.1/stm32cubeide/plugins/com.st.stm32cube.ide.mcu.externaltools.gnu-tools-for-stm32.10.3-2021.10.win32_1.0.200.202301161003/tools/bin/../lib/gcc/arm-none-eabi/10.3.1/thumb/v7e-m+fp/hard\libgcc.a
LOAD c:/st/stm32cubeide_1.12.1/stm32cubeide/plugins/com.st.stm32cube.ide.mcu.externaltools.gnu-tools-for-stm32.10.3-2021.10.win32_1.0.200.202301161003/tools/bin/../lib/gcc/arm-none-eabi/10.3.1/../../../../arm-none-eabi/lib/thumb/v7e-m+fp/hard\libc_nano.a
END GROUP
START GROUP
LOAD c:/st/stm32cubeide_1.12.1/stm32cubeide/plugins/com.st.stm32cube.ide.mcu.externaltools.gnu-tools-for-stm32.10.3-2021.10.win32_1.0.200.202301161003/tools/bin/../lib/gcc/arm-none-eabi/10.3.1/thumb/v7e-m+fp/hard\libgcc.a
LOAD c:/st/stm32cubeide_1.12.1/stm32cubeide/plugins/com.st.stm32cube.ide.mcu.externaltools.gnu-tools-for-stm32.10.3-2021.10.win32_1.0.200.202301161003/tools/bin/../lib/gcc/arm-none-eabi/10.3.1/../../../../arm-none-eabi/lib/thumb/v7e-m+fp/hard\libc_nano.a
LOAD c:/st/stm32cubeide_1.12.1/stm32cubeide/plugins/com.st.stm32cube.ide.mcu.externaltools.gnu-tools-for-stm32.10.3-2021.10.win32_1.0.200.202301161003/tools/bin/../lib/gcc/arm-none-eabi/10.3.1/../../../../arm-none-eabi/lib/thumb/v7e-m+fp/hard\libnosys.a
END GROUP
START GROUP
LOAD c:/st/stm32cubeide_1.12.1/stm32cubeide/plugins/com.st.stm32cube.ide.mcu.externaltools.gnu-tools-for-stm32.10.3-2021.10.win32_1.0.200.202301161003/tools/bin/../lib/gcc/arm-none-eabi/10.3.1/thumb/v7e-m+fp/hard\libgcc.a
LOAD c:/st/stm32cubeide_1.12.1/stm32cubeide/plugins/com.st.stm32cube.ide.mcu.externaltools.gnu-tools-for-stm32.10.3-2021.10.win32_1.0.200.202301161003/tools/bin/../lib/gcc/arm-none-eabi/10.3.1/../../../../arm-none-eabi/lib/thumb/v7e-m+fp/hard\libc_nano.a
LOAD c:/st/stm32cubeide_1.12.1/stm32cubeide/plugins/com.st.stm32cube.ide.mcu.externaltools.gnu-tools-for-stm32.10.3-2021.10.win32_1.0.200.202301161003/tools/bin/../lib/gcc/arm-none-eabi/10.3.1/../../../../arm-none-eabi/lib/thumb/v7e-m+fp/hard\libnosys.a
END GROUP
LOAD c:/st/stm32cubeide_1.12.1/stm32cubeide/plugins/com.st.stm32cube.ide.mcu.externaltools.gnu-tools-for-stm32.10.3-2021.10.win32_1.0.200.202301161003/tools/bin/../lib/gcc/arm-none-eabi/10.3.1/thumb/v7e-m+fp/hard/crtend.o
LOAD c:/st/stm32cubeide_1.12.1/stm32cubeide/plugins/com.st.stm32cube.ide.mcu.externaltools.gnu-tools-for-stm32.10.3-2021.10.win32_1.0.200.202301161003/tools/bin/../lib/gcc/arm-none-eabi/10.3.1/thumb/v7e-m+fp/hard/crtn.o
                0x0000000020010000                _estack = (ORIGIN (RAM) + LENGTH (RAM))
                0x0000000000000200                _Min_Heap_Size = 0x200
                0x0000000000000400                _Min_Stack_Size = 0x400

.isr_vector     0x0000000008000000      0x194
                0x0000000008000000                . = ALIGN (0x4)
 *(.isr_vector)
 .isr_vector    0x0000000008000000      0x194 ./Core/Startup/startup_stm32f303zetx.o
                0x0000000008000000                g_pfnVectors
                0x0000000008000194                . = ALIGN (0x4)

.text           0x0000000008000198     0xa648
                0x0000000008000198                . = ALIGN (0x4)
 *(.text)
 .text          0x0000000008000198       0x40 c:/st/stm32cubeide_1.12.1/stm32cubeide/plugins/com.st.stm32cube.ide.mcu.externaltools.gnu-tools-for-stm32.10.3-2021.10.win32_1.0.200.202301161003/tools/bin/../lib/gcc/arm-none-eabi/10.3.1/thumb/v7e-m+fp/hard/crtbegin.o
 .text          0x00000000080001d8       0xc0 C:\Users\ASUS\STM32CubeIDE\workspace_1.12.1\UTOM_V32\Drivers\CMSIS\Lib\GCC\libarm_cortexM4lf_math.a(arm_bitreversal2.o)
                0x00000000080001d8                arm_bitreversal_32
                0x0000000008000242                arm_bitreversal_16
 .text          0x0000000008000298      0x254 c:/st/stm32cubeide_1.12.1/stm32cubeide/plugins/com.st.stm32cube.ide.mcu.externaltools.gnu-tools-for-stm32.10.3-2021.10.win32_1.0.200.202301161003/tools/bin/../lib/gcc/arm-none-eabi/10.3.1/thumb/v7e-m+fp/hard\libgcc.a(_arm_muldf3.o)
                0x0000000008000298                __muldf3
                0x0000000008000298                __aeabi_dmul
 .text          0x00000000080004ec      0x378 c:/st/stm32cubeide_1.12.1/stm32cubeide/plugins/com.st.stm32cube.ide.mcu.externaltools.gnu-tools-for-stm32.10.3-2021.10.win32_1.0.200.202301161003/tools/bin/../lib/gcc/arm-none-eabi/10.3.1/thumb/v7e-m+fp/hard\libgcc.a(_arm_addsubdf3.o)
                0x00000000080004ec                __aeabi_drsub
                0x00000000080004f4                __aeabi_dsub
                0x00000000080004f4                __subdf3
                0x00000000080004f8                __aeabi_dadd
                0x00000000080004f8                __adddf3
                0x0000000008000770                __floatunsidf
                0x0000000008000770                __aeabi_ui2d
                0x0000000008000790                __floatsidf
                0x0000000008000790                __aeabi_i2d
                0x00000000080007b4                __aeabi_f2d
                0x00000000080007b4                __extendsfdf2
                0x00000000080007f8                __floatundidf
                0x00000000080007f8                __aeabi_ul2d
                0x0000000008000808                __floatdidf
                0x0000000008000808                __aeabi_l2d
 .text          0x0000000008000864      0x110 c:/st/stm32cubeide_1.12.1/stm32cubeide/plugins/com.st.stm32cube.ide.mcu.externaltools.gnu-tools-for-stm32.10.3-2021.10.win32_1.0.200.202301161003/tools/bin/../lib/gcc/arm-none-eabi/10.3.1/thumb/v7e-m+fp/hard\libgcc.a(_arm_cmpdf2.o)
                0x0000000008000864                __gtdf2
                0x0000000008000864                __gedf2
                0x000000000800086c                __ltdf2
                0x000000000800086c                __ledf2
                0x0000000008000874                __nedf2
                0x0000000008000874                __eqdf2
                0x0000000008000874                __cmpdf2
                0x00000000080008f0                __aeabi_cdrcmple
                0x0000000008000900                __aeabi_cdcmpeq
                0x0000000008000900                __aeabi_cdcmple
                0x0000000008000910                __aeabi_dcmpeq
                0x0000000008000924                __aeabi_dcmplt
                0x0000000008000938                __aeabi_dcmple
                0x000000000800094c                __aeabi_dcmpge
                0x0000000008000960                __aeabi_dcmpgt
 .text          0x0000000008000974       0x50 c:/st/stm32cubeide_1.12.1/stm32cubeide/plugins/com.st.stm32cube.ide.mcu.externaltools.gnu-tools-for-stm32.10.3-2021.10.win32_1.0.200.202301161003/tools/bin/../lib/gcc/arm-none-eabi/10.3.1/thumb/v7e-m+fp/hard\libgcc.a(_arm_fixdfsi.o)
                0x0000000008000974                __aeabi_d2iz
                0x0000000008000974                __fixdfsi
 .text          0x00000000080009c4       0xa0 c:/st/stm32cubeide_1.12.1/stm32cubeide/plugins/com.st.stm32cube.ide.mcu.externaltools.gnu-tools-for-stm32.10.3-2021.10.win32_1.0.200.202301161003/tools/bin/../lib/gcc/arm-none-eabi/10.3.1/thumb/v7e-m+fp/hard\libgcc.a(_arm_truncdfsf2.o)
                0x00000000080009c4                __truncdfsf2
                0x00000000080009c4                __aeabi_d2f
 *(.text*)
 .text.main     0x0000000008000a64      0x178 ./Core/Src/main.o
                0x0000000008000a64                main
 .text.SystemClock_Config
                0x0000000008000bdc       0xf4 ./Core/Src/main.o
                0x0000000008000bdc                SystemClock_Config
 .text.MX_ADC1_Init
                0x0000000008000cd0       0xe4 ./Core/Src/main.o
 .text.MX_ADC2_Init
                0x0000000008000db4       0xc0 ./Core/Src/main.o
 .text.MX_ADC3_Init
                0x0000000008000e74       0xe4 ./Core/Src/main.o
 .text.MX_DAC1_Init
                0x0000000008000f58       0x6c ./Core/Src/main.o
 .text.MX_RTC_Init
                0x0000000008000fc4       0x4c ./Core/Src/main.o
 .text.MX_TIM3_Init
                0x0000000008001010       0x9c ./Core/Src/main.o
 .text.MX_TIM4_Init
                0x00000000080010ac       0x9c ./Core/Src/main.o
 .text.MX_TIM8_Init
                0x0000000008001148      0x11c ./Core/Src/main.o
 .text.MX_USART3_UART_Init
                0x0000000008001264       0x64 ./Core/Src/main.o
 .text.MX_DMA_Init
                0x00000000080012c8       0x94 ./Core/Src/main.o
 .text.MX_GPIO_Init
                0x000000000800135c      0x1bc ./Core/Src/main.o
 .text.comm_wait_state
                0x0000000008001518       0xb4 ./Core/Src/main.o
                0x0000000008001518                comm_wait_state
 .text.g_sel_state
                0x00000000080015cc       0xb0 ./Core/Src/main.o
                0x00000000080015cc                g_sel_state
 .text.ch_sel_state
                0x000000000800167c       0xf0 ./Core/Src/main.o
                0x000000000800167c                ch_sel_state
 .text.exc_state
                0x000000000800176c       0x58 ./Core/Src/main.o
                0x000000000800176c                exc_state
 .text.meas_state
                0x00000000080017c4       0x14 ./Core/Src/main.o
                0x00000000080017c4                meas_state
 .text.current_p_state
                0x00000000080017d8       0x14 ./Core/Src/main.o
                0x00000000080017d8                current_p_state
 .text.current_n_state
                0x00000000080017ec       0x14 ./Core/Src/main.o
                0x00000000080017ec                current_n_state
 .text.calc_FFT_state
                0x0000000008001800      0x184 ./Core/Src/main.o
                0x0000000008001800                calc_FFT_state
 .text.error_state
                0x0000000008001984        0xe ./Core/Src/main.o
                0x0000000008001984                error_state
 *fill*         0x0000000008001992        0x2 
 .text.take_measurement
                0x0000000008001994       0x64 ./Core/Src/main.o
                0x0000000008001994                take_measurement
 .text.HAL_ADC_ConvCpltCallback
                0x00000000080019f8       0x54 ./Core/Src/main.o
                0x00000000080019f8                HAL_ADC_ConvCpltCallback
 .text.HAL_UART_RxCpltCallback
                0x0000000008001a4c       0x20 ./Core/Src/main.o
                0x0000000008001a4c                HAL_UART_RxCpltCallback
 .text.HAL_UART_TxCpltCallback
                0x0000000008001a6c       0x14 ./Core/Src/main.o
                0x0000000008001a6c                HAL_UART_TxCpltCallback
 .text.Error_Handler
                0x0000000008001a80        0xa ./Core/Src/main.o
                0x0000000008001a80                Error_Handler
 .text.ring_buf_init
                0x0000000008001a8a       0x26 ./Core/Src/ring_buffer.o
                0x0000000008001a8a                ring_buf_init
 .text.ring_buf_reset
                0x0000000008001ab0       0x26 ./Core/Src/ring_buffer.o
                0x0000000008001ab0                ring_buf_reset
 *fill*         0x0000000008001ad6        0x2 
 .text.ST_nextstate
                0x0000000008001ad8       0x44 ./Core/Src/state_machine.o
                0x0000000008001ad8                ST_nextstate
 .text.HAL_MspInit
                0x0000000008001b1c       0x48 ./Core/Src/stm32f3xx_hal_msp.o
                0x0000000008001b1c                HAL_MspInit
 .text.HAL_ADC_MspInit
                0x0000000008001b64      0x268 ./Core/Src/stm32f3xx_hal_msp.o
                0x0000000008001b64                HAL_ADC_MspInit
 .text.HAL_DAC_MspInit
                0x0000000008001dcc       0x7c ./Core/Src/stm32f3xx_hal_msp.o
                0x0000000008001dcc                HAL_DAC_MspInit
 .text.HAL_RTC_MspInit
                0x0000000008001e48       0x4c ./Core/Src/stm32f3xx_hal_msp.o
                0x0000000008001e48                HAL_RTC_MspInit
 .text.HAL_TIM_Base_MspInit
                0x0000000008001e94       0x68 ./Core/Src/stm32f3xx_hal_msp.o
                0x0000000008001e94                HAL_TIM_Base_MspInit
 .text.HAL_TIM_PWM_MspInit
                0x0000000008001efc       0x40 ./Core/Src/stm32f3xx_hal_msp.o
                0x0000000008001efc                HAL_TIM_PWM_MspInit
 .text.HAL_TIM_MspPostInit
                0x0000000008001f3c       0x70 ./Core/Src/stm32f3xx_hal_msp.o
                0x0000000008001f3c                HAL_TIM_MspPostInit
 .text.HAL_UART_MspInit
                0x0000000008001fac      0x140 ./Core/Src/stm32f3xx_hal_msp.o
                0x0000000008001fac                HAL_UART_MspInit
 .text.NMI_Handler
                0x00000000080020ec        0x6 ./Core/Src/stm32f3xx_it.o
                0x00000000080020ec                NMI_Handler
 .text.HardFault_Handler
                0x00000000080020f2        0x6 ./Core/Src/stm32f3xx_it.o
                0x00000000080020f2                HardFault_Handler
 .text.MemManage_Handler
                0x00000000080020f8        0x6 ./Core/Src/stm32f3xx_it.o
                0x00000000080020f8                MemManage_Handler
 .text.BusFault_Handler
                0x00000000080020fe        0x6 ./Core/Src/stm32f3xx_it.o
                0x00000000080020fe                BusFault_Handler
 .text.UsageFault_Handler
                0x0000000008002104        0x6 ./Core/Src/stm32f3xx_it.o
                0x0000000008002104                UsageFault_Handler
 .text.SVC_Handler
                0x000000000800210a        0xe ./Core/Src/stm32f3xx_it.o
                0x000000000800210a                SVC_Handler
 .text.DebugMon_Handler
                0x0000000008002118        0xe ./Core/Src/stm32f3xx_it.o
                0x0000000008002118                DebugMon_Handler
 .text.PendSV_Handler
                0x0000000008002126        0xe ./Core/Src/stm32f3xx_it.o
                0x0000000008002126                PendSV_Handler
 .text.SysTick_Handler
                0x0000000008002134        0xc ./Core/Src/stm32f3xx_it.o
                0x0000000008002134                SysTick_Handler
 .text.DMA1_Channel1_IRQHandler
                0x0000000008002140       0x14 ./Core/Src/stm32f3xx_it.o
                0x0000000008002140                DMA1_Channel1_IRQHandler
 .text.DMA1_Channel2_IRQHandler
                0x0000000008002154       0x14 ./Core/Src/stm32f3xx_it.o
                0x0000000008002154                DMA1_Channel2_IRQHandler
 .text.DMA1_Channel3_IRQHandler
                0x0000000008002168       0x14 ./Core/Src/stm32f3xx_it.o
                0x0000000008002168                DMA1_Channel3_IRQHandler
 .text.USART3_IRQHandler
                0x000000000800217c       0x14 ./Core/Src/stm32f3xx_it.o
                0x000000000800217c                USART3_IRQHandler
 .text.DMA2_Channel1_IRQHandler
                0x0000000008002190       0x14 ./Core/Src/stm32f3xx_it.o
                0x0000000008002190                DMA2_Channel1_IRQHandler
 .text.DMA2_Channel5_IRQHandler
                0x00000000080021a4       0x14 ./Core/Src/stm32f3xx_it.o
                0x00000000080021a4                DMA2_Channel5_IRQHandler
 .text.SystemInit
                0x00000000080021b8       0x24 ./Core/Src/system_stm32f3xx.o
                0x00000000080021b8                SystemInit
 .text.Reset_Handler
                0x00000000080021dc       0x50 ./Core/Startup/startup_stm32f303zetx.o
                0x00000000080021dc                Reset_Handler
 .text.Default_Handler
                0x000000000800222c        0x2 ./Core/Startup/startup_stm32f303zetx.o
                0x000000000800222c                RTC_Alarm_IRQHandler
                0x000000000800222c                TIM8_TRG_COM_IRQHandler
                0x000000000800222c                TIM8_CC_IRQHandler
                0x000000000800222c                SPI4_IRQHandler
                0x000000000800222c                TIM1_CC_IRQHandler
                0x000000000800222c                USB_HP_IRQHandler
                0x000000000800222c                PVD_IRQHandler
                0x000000000800222c                TAMP_STAMP_IRQHandler
                0x000000000800222c                EXTI3_IRQHandler
                0x000000000800222c                I2C3_ER_IRQHandler
                0x000000000800222c                USB_HP_CAN_TX_IRQHandler
                0x000000000800222c                EXTI0_IRQHandler
                0x000000000800222c                I2C2_EV_IRQHandler
                0x000000000800222c                FPU_IRQHandler
                0x000000000800222c                TIM1_UP_TIM16_IRQHandler
                0x000000000800222c                ADC1_2_IRQHandler
                0x000000000800222c                SPI1_IRQHandler
                0x000000000800222c                CAN_SCE_IRQHandler
                0x000000000800222c                TIM6_DAC_IRQHandler
                0x000000000800222c                TIM8_UP_IRQHandler
                0x000000000800222c                DMA2_Channel2_IRQHandler
                0x000000000800222c                DMA1_Channel4_IRQHandler
                0x000000000800222c                TIM20_TRG_COM_IRQHandler
                0x000000000800222c                DMA1_Channel7_IRQHandler
                0x000000000800222c                UART5_IRQHandler
                0x000000000800222c                ADC3_IRQHandler
                0x000000000800222c                TIM4_IRQHandler
                0x000000000800222c                CAN_RX1_IRQHandler
                0x000000000800222c                I2C1_EV_IRQHandler
                0x000000000800222c                DMA1_Channel6_IRQHandler
                0x000000000800222c                UART4_IRQHandler
                0x000000000800222c                DMA2_Channel4_IRQHandler
                0x000000000800222c                TIM3_IRQHandler
                0x000000000800222c                RCC_IRQHandler
                0x000000000800222c                TIM20_UP_IRQHandler
                0x000000000800222c                Default_Handler
                0x000000000800222c                USBWakeUp_RMP_IRQHandler
                0x000000000800222c                EXTI15_10_IRQHandler
                0x000000000800222c                TIM7_IRQHandler
                0x000000000800222c                I2C3_EV_IRQHandler
                0x000000000800222c                EXTI9_5_IRQHandler
                0x000000000800222c                RTC_WKUP_IRQHandler
                0x000000000800222c                SPI2_IRQHandler
                0x000000000800222c                USB_LP_CAN_RX0_IRQHandler
                0x000000000800222c                DMA1_Channel5_IRQHandler
                0x000000000800222c                USB_LP_IRQHandler
                0x000000000800222c                EXTI4_IRQHandler
                0x000000000800222c                TIM1_TRG_COM_TIM17_IRQHandler
                0x000000000800222c                ADC4_IRQHandler
                0x000000000800222c                WWDG_IRQHandler
                0x000000000800222c                TIM2_IRQHandler
                0x000000000800222c                COMP7_IRQHandler
                0x000000000800222c                COMP1_2_3_IRQHandler
                0x000000000800222c                EXTI1_IRQHandler
                0x000000000800222c                USART2_IRQHandler
                0x000000000800222c                COMP4_5_6_IRQHandler
                0x000000000800222c                TIM20_BRK_IRQHandler
                0x000000000800222c                I2C2_ER_IRQHandler
                0x000000000800222c                TIM8_BRK_IRQHandler
                0x000000000800222c                FLASH_IRQHandler
                0x000000000800222c                TIM20_CC_IRQHandler
                0x000000000800222c                USART1_IRQHandler
                0x000000000800222c                SPI3_IRQHandler
                0x000000000800222c                I2C1_ER_IRQHandler
                0x000000000800222c                FMC_IRQHandler
                0x000000000800222c                USBWakeUp_IRQHandler
                0x000000000800222c                DMA2_Channel3_IRQHandler
                0x000000000800222c                EXTI2_TSC_IRQHandler
                0x000000000800222c                TIM1_BRK_TIM15_IRQHandler
 *fill*         0x000000000800222e        0x2 
 .text.HAL_Init
                0x0000000008002230       0x2c ./Drivers/STM32F3xx_HAL_Driver/Src/stm32f3xx_hal.o
                0x0000000008002230                HAL_Init
 .text.HAL_InitTick
                0x000000000800225c       0x60 ./Drivers/STM32F3xx_HAL_Driver/Src/stm32f3xx_hal.o
                0x000000000800225c                HAL_InitTick
 .text.HAL_IncTick
                0x00000000080022bc       0x28 ./Drivers/STM32F3xx_HAL_Driver/Src/stm32f3xx_hal.o
                0x00000000080022bc                HAL_IncTick
 .text.HAL_GetTick
                0x00000000080022e4       0x18 ./Drivers/STM32F3xx_HAL_Driver/Src/stm32f3xx_hal.o
                0x00000000080022e4                HAL_GetTick
 .text.HAL_ADC_ConvHalfCpltCallback
                0x00000000080022fc       0x14 ./Drivers/STM32F3xx_HAL_Driver/Src/stm32f3xx_hal_adc.o
                0x00000000080022fc                HAL_ADC_ConvHalfCpltCallback
 .text.HAL_ADC_ErrorCallback
                0x0000000008002310       0x14 ./Drivers/STM32F3xx_HAL_Driver/Src/stm32f3xx_hal_adc.o
                0x0000000008002310                HAL_ADC_ErrorCallback
 .text.HAL_ADC_Init
                0x0000000008002324      0x3f4 ./Drivers/STM32F3xx_HAL_Driver/Src/stm32f3xx_hal_adc_ex.o
                0x0000000008002324                HAL_ADC_Init
 .text.HAL_ADC_Start_DMA
                0x0000000008002718      0x238 ./Drivers/STM32F3xx_HAL_Driver/Src/stm32f3xx_hal_adc_ex.o
                0x0000000008002718                HAL_ADC_Start_DMA
 .text.HAL_ADC_Stop_DMA
                0x0000000008002950       0xc4 ./Drivers/STM32F3xx_HAL_Driver/Src/stm32f3xx_hal_adc_ex.o
                0x0000000008002950                HAL_ADC_Stop_DMA
 .text.HAL_ADCEx_Calibration_Start
                0x0000000008002a14       0xe4 ./Drivers/STM32F3xx_HAL_Driver/Src/stm32f3xx_hal_adc_ex.o
                0x0000000008002a14                HAL_ADCEx_Calibration_Start
 .text.HAL_ADC_ConfigChannel
                0x0000000008002af8      0x5d8 ./Drivers/STM32F3xx_HAL_Driver/Src/stm32f3xx_hal_adc_ex.o
                0x0000000008002af8                HAL_ADC_ConfigChannel
 .text.HAL_ADCEx_MultiModeConfigChannel
                0x00000000080030d0      0x1e4 ./Drivers/STM32F3xx_HAL_Driver/Src/stm32f3xx_hal_adc_ex.o
                0x00000000080030d0                HAL_ADCEx_MultiModeConfigChannel
 .text.ADC_DMAConvCplt
                0x00000000080032b4       0x7a ./Drivers/STM32F3xx_HAL_Driver/Src/stm32f3xx_hal_adc_ex.o
 .text.ADC_DMAHalfConvCplt
                0x000000000800332e       0x1c ./Drivers/STM32F3xx_HAL_Driver/Src/stm32f3xx_hal_adc_ex.o
 .text.ADC_DMAError
                0x000000000800334a       0x34 ./Drivers/STM32F3xx_HAL_Driver/Src/stm32f3xx_hal_adc_ex.o
 *fill*         0x000000000800337e        0x2 
 .text.ADC_Enable
                0x0000000008003380       0xc8 ./Drivers/STM32F3xx_HAL_Driver/Src/stm32f3xx_hal_adc_ex.o
 .text.ADC_Disable
                0x0000000008003448       0xcc ./Drivers/STM32F3xx_HAL_Driver/Src/stm32f3xx_hal_adc_ex.o
 .text.ADC_ConversionStop
                0x0000000008003514      0x16c ./Drivers/STM32F3xx_HAL_Driver/Src/stm32f3xx_hal_adc_ex.o
 .text.__NVIC_SetPriorityGrouping
                0x0000000008003680       0x48 ./Drivers/STM32F3xx_HAL_Driver/Src/stm32f3xx_hal_cortex.o
 .text.__NVIC_GetPriorityGrouping
                0x00000000080036c8       0x1c ./Drivers/STM32F3xx_HAL_Driver/Src/stm32f3xx_hal_cortex.o
 .text.__NVIC_EnableIRQ
                0x00000000080036e4       0x3c ./Drivers/STM32F3xx_HAL_Driver/Src/stm32f3xx_hal_cortex.o
 .text.__NVIC_SetPriority
                0x0000000008003720       0x54 ./Drivers/STM32F3xx_HAL_Driver/Src/stm32f3xx_hal_cortex.o
 .text.NVIC_EncodePriority
                0x0000000008003774       0x66 ./Drivers/STM32F3xx_HAL_Driver/Src/stm32f3xx_hal_cortex.o
 *fill*         0x00000000080037da        0x2 
 .text.SysTick_Config
                0x00000000080037dc       0x44 ./Drivers/STM32F3xx_HAL_Driver/Src/stm32f3xx_hal_cortex.o
 .text.HAL_NVIC_SetPriorityGrouping
                0x0000000008003820       0x16 ./Drivers/STM32F3xx_HAL_Driver/Src/stm32f3xx_hal_cortex.o
                0x0000000008003820                HAL_NVIC_SetPriorityGrouping
 .text.HAL_NVIC_SetPriority
                0x0000000008003836       0x38 ./Drivers/STM32F3xx_HAL_Driver/Src/stm32f3xx_hal_cortex.o
                0x0000000008003836                HAL_NVIC_SetPriority
 .text.HAL_NVIC_EnableIRQ
                0x000000000800386e       0x1c ./Drivers/STM32F3xx_HAL_Driver/Src/stm32f3xx_hal_cortex.o
                0x000000000800386e                HAL_NVIC_EnableIRQ
 .text.HAL_SYSTICK_Config
                0x000000000800388a       0x18 ./Drivers/STM32F3xx_HAL_Driver/Src/stm32f3xx_hal_cortex.o
                0x000000000800388a                HAL_SYSTICK_Config
 .text.HAL_DAC_Init
                0x00000000080038a2       0x44 ./Drivers/STM32F3xx_HAL_Driver/Src/stm32f3xx_hal_dac.o
                0x00000000080038a2                HAL_DAC_Init
 .text.HAL_DAC_SetValue
                0x00000000080038e6       0x4a ./Drivers/STM32F3xx_HAL_Driver/Src/stm32f3xx_hal_dac_ex.o
                0x00000000080038e6                HAL_DAC_SetValue
 .text.HAL_DAC_Start
                0x0000000008003930       0x96 ./Drivers/STM32F3xx_HAL_Driver/Src/stm32f3xx_hal_dac_ex.o
                0x0000000008003930                HAL_DAC_Start
 .text.HAL_DAC_ConfigChannel
                0x00000000080039c6       0x9a ./Drivers/STM32F3xx_HAL_Driver/Src/stm32f3xx_hal_dac_ex.o
                0x00000000080039c6                HAL_DAC_ConfigChannel
 .text.HAL_DMA_Init
                0x0000000008003a60       0x8e ./Drivers/STM32F3xx_HAL_Driver/Src/stm32f3xx_hal_dma.o
                0x0000000008003a60                HAL_DMA_Init
 .text.HAL_DMA_Start_IT
                0x0000000008003aee       0xbe ./Drivers/STM32F3xx_HAL_Driver/Src/stm32f3xx_hal_dma.o
                0x0000000008003aee                HAL_DMA_Start_IT
 .text.HAL_DMA_Abort
                0x0000000008003bac       0x7c ./Drivers/STM32F3xx_HAL_Driver/Src/stm32f3xx_hal_dma.o
                0x0000000008003bac                HAL_DMA_Abort
 .text.HAL_DMA_Abort_IT
                0x0000000008003c28       0x7c ./Drivers/STM32F3xx_HAL_Driver/Src/stm32f3xx_hal_dma.o
                0x0000000008003c28                HAL_DMA_Abort_IT
 .text.HAL_DMA_IRQHandler
                0x0000000008003ca4      0x146 ./Drivers/STM32F3xx_HAL_Driver/Src/stm32f3xx_hal_dma.o
                0x0000000008003ca4                HAL_DMA_IRQHandler
 .text.DMA_SetConfig
                0x0000000008003dea       0x5c ./Drivers/STM32F3xx_HAL_Driver/Src/stm32f3xx_hal_dma.o
 *fill*         0x0000000008003e46        0x2 
 .text.DMA_CalcBaseAndBitshift
                0x0000000008003e48       0x78 ./Drivers/STM32F3xx_HAL_Driver/Src/stm32f3xx_hal_dma.o
 .text.HAL_GPIO_Init
                0x0000000008003ec0      0x314 ./Drivers/STM32F3xx_HAL_Driver/Src/stm32f3xx_hal_gpio.o
                0x0000000008003ec0                HAL_GPIO_Init
 .text.HAL_GPIO_WritePin
                0x00000000080041d4       0x30 ./Drivers/STM32F3xx_HAL_Driver/Src/stm32f3xx_hal_gpio.o
                0x00000000080041d4                HAL_GPIO_WritePin
 .text.HAL_PWR_EnableBkUpAccess
                0x0000000008004204       0x20 ./Drivers/STM32F3xx_HAL_Driver/Src/stm32f3xx_hal_pwr.o
                0x0000000008004204                HAL_PWR_EnableBkUpAccess
 .text.HAL_RCC_OscConfig
                0x0000000008004224     0x10a8 ./Drivers/STM32F3xx_HAL_Driver/Src/stm32f3xx_hal_rcc.o
                0x0000000008004224                HAL_RCC_OscConfig
 .text.HAL_RCC_ClockConfig
                0x00000000080052cc      0x2f8 ./Drivers/STM32F3xx_HAL_Driver/Src/stm32f3xx_hal_rcc.o
                0x00000000080052cc                HAL_RCC_ClockConfig
 .text.HAL_RCC_GetSysClockFreq
                0x00000000080055c4       0xa8 ./Drivers/STM32F3xx_HAL_Driver/Src/stm32f3xx_hal_rcc.o
                0x00000000080055c4                HAL_RCC_GetSysClockFreq
 .text.HAL_RCC_GetHCLKFreq
                0x000000000800566c       0x18 ./Drivers/STM32F3xx_HAL_Driver/Src/stm32f3xx_hal_rcc.o
                0x000000000800566c                HAL_RCC_GetHCLKFreq
 .text.HAL_RCC_GetPCLK1Freq
                0x0000000008005684       0x44 ./Drivers/STM32F3xx_HAL_Driver/Src/stm32f3xx_hal_rcc.o
                0x0000000008005684                HAL_RCC_GetPCLK1Freq
 .text.HAL_RCC_GetPCLK2Freq
                0x00000000080056c8       0x44 ./Drivers/STM32F3xx_HAL_Driver/Src/stm32f3xx_hal_rcc.o
                0x00000000080056c8                HAL_RCC_GetPCLK2Freq
 .text.HAL_RCCEx_PeriphCLKConfig
                0x000000000800570c      0x43c ./Drivers/STM32F3xx_HAL_Driver/Src/stm32f3xx_hal_rcc_ex.o
                0x000000000800570c                HAL_RCCEx_PeriphCLKConfig
 .text.HAL_RTC_Init
                0x0000000008005b48      0x106 ./Drivers/STM32F3xx_HAL_Driver/Src/stm32f3xx_hal_rtc.o
                0x0000000008005b48                HAL_RTC_Init
 *fill*         0x0000000008005c4e        0x2 
 .text.HAL_RTC_WaitForSynchro
                0x0000000008005c50       0x4c ./Drivers/STM32F3xx_HAL_Driver/Src/stm32f3xx_hal_rtc.o
                0x0000000008005c50                HAL_RTC_WaitForSynchro
 .text.RTC_EnterInitMode
                0x0000000008005c9c       0x6e ./Drivers/STM32F3xx_HAL_Driver/Src/stm32f3xx_hal_rtc.o
                0x0000000008005c9c                RTC_EnterInitMode
 .text.RTC_ExitInitMode
                0x0000000008005d0a       0x4a ./Drivers/STM32F3xx_HAL_Driver/Src/stm32f3xx_hal_rtc.o
                0x0000000008005d0a                RTC_ExitInitMode
 .text.HAL_TIM_Base_Init
                0x0000000008005d54       0xae ./Drivers/STM32F3xx_HAL_Driver/Src/stm32f3xx_hal_tim.o
                0x0000000008005d54                HAL_TIM_Base_Init
 *fill*         0x0000000008005e02        0x2 
 .text.HAL_TIM_Base_Start
                0x0000000008005e04       0xd0 ./Drivers/STM32F3xx_HAL_Driver/Src/stm32f3xx_hal_tim.o
                0x0000000008005e04                HAL_TIM_Base_Start
 .text.HAL_TIM_Base_Stop
                0x0000000008005ed4       0x4e ./Drivers/STM32F3xx_HAL_Driver/Src/stm32f3xx_hal_tim.o
                0x0000000008005ed4                HAL_TIM_Base_Stop
 .text.HAL_TIM_PWM_Init
                0x0000000008005f22       0xae ./Drivers/STM32F3xx_HAL_Driver/Src/stm32f3xx_hal_tim.o
                0x0000000008005f22                HAL_TIM_PWM_Init
 .text.HAL_TIM_PWM_Start
                0x0000000008005fd0      0x218 ./Drivers/STM32F3xx_HAL_Driver/Src/stm32f3xx_hal_tim.o
                0x0000000008005fd0                HAL_TIM_PWM_Start
 .text.HAL_TIM_PWM_Stop
                0x00000000080061e8      0x138 ./Drivers/STM32F3xx_HAL_Driver/Src/stm32f3xx_hal_tim.o
                0x00000000080061e8                HAL_TIM_PWM_Stop
 .text.HAL_TIM_PWM_ConfigChannel
                0x0000000008006320      0x228 ./Drivers/STM32F3xx_HAL_Driver/Src/stm32f3xx_hal_tim.o
                0x0000000008006320                HAL_TIM_PWM_ConfigChannel
 .text.HAL_TIM_ConfigClockSource
                0x0000000008006548      0x192 ./Drivers/STM32F3xx_HAL_Driver/Src/stm32f3xx_hal_tim.o
                0x0000000008006548                HAL_TIM_ConfigClockSource
 *fill*         0x00000000080066da        0x2 
 .text.TIM_Base_SetConfig
                0x00000000080066dc      0x154 ./Drivers/STM32F3xx_HAL_Driver/Src/stm32f3xx_hal_tim.o
                0x00000000080066dc                TIM_Base_SetConfig
 .text.TIM_OC1_SetConfig
                0x0000000008006830      0x134 ./Drivers/STM32F3xx_HAL_Driver/Src/stm32f3xx_hal_tim.o
 .text.TIM_OC2_SetConfig
                0x0000000008006964      0x128 ./Drivers/STM32F3xx_HAL_Driver/Src/stm32f3xx_hal_tim.o
                0x0000000008006964                TIM_OC2_SetConfig
 .text.TIM_OC3_SetConfig
                0x0000000008006a8c      0x124 ./Drivers/STM32F3xx_HAL_Driver/Src/stm32f3xx_hal_tim.o
 .text.TIM_OC4_SetConfig
                0x0000000008006bb0       0xe0 ./Drivers/STM32F3xx_HAL_Driver/Src/stm32f3xx_hal_tim.o
 .text.TIM_OC5_SetConfig
                0x0000000008006c90       0xd4 ./Drivers/STM32F3xx_HAL_Driver/Src/stm32f3xx_hal_tim.o
 .text.TIM_OC6_SetConfig
                0x0000000008006d64       0xd8 ./Drivers/STM32F3xx_HAL_Driver/Src/stm32f3xx_hal_tim.o
 .text.TIM_TI1_ConfigInputStage
                0x0000000008006e3c       0x5e ./Drivers/STM32F3xx_HAL_Driver/Src/stm32f3xx_hal_tim.o
 .text.TIM_TI2_ConfigInputStage
                0x0000000008006e9a       0x60 ./Drivers/STM32F3xx_HAL_Driver/Src/stm32f3xx_hal_tim.o
 .text.TIM_ITRx_SetConfig
                0x0000000008006efa       0x36 ./Drivers/STM32F3xx_HAL_Driver/Src/stm32f3xx_hal_tim.o
 .text.TIM_ETR_SetConfig
                0x0000000008006f30       0x40 ./Drivers/STM32F3xx_HAL_Driver/Src/stm32f3xx_hal_tim.o
                0x0000000008006f30                TIM_ETR_SetConfig
 .text.TIM_CCxChannelCmd
                0x0000000008006f70       0x4a ./Drivers/STM32F3xx_HAL_Driver/Src/stm32f3xx_hal_tim.o
                0x0000000008006f70                TIM_CCxChannelCmd
 *fill*         0x0000000008006fba        0x2 
 .text.HAL_TIMEx_MasterConfigSynchronization
                0x0000000008006fbc      0x118 ./Drivers/STM32F3xx_HAL_Driver/Src/stm32f3xx_hal_tim_ex.o
                0x0000000008006fbc                HAL_TIMEx_MasterConfigSynchronization
 .text.HAL_TIMEx_ConfigBreakDeadTime
                0x00000000080070d4      0x10c ./Drivers/STM32F3xx_HAL_Driver/Src/stm32f3xx_hal_tim_ex.o
                0x00000000080070d4                HAL_TIMEx_ConfigBreakDeadTime
 .text.HAL_UART_Init
                0x00000000080071e0       0x9c ./Drivers/STM32F3xx_HAL_Driver/Src/stm32f3xx_hal_uart.o
                0x00000000080071e0                HAL_UART_Init
 .text.HAL_UART_Transmit_DMA
                0x000000000800727c       0xf8 ./Drivers/STM32F3xx_HAL_Driver/Src/stm32f3xx_hal_uart.o
                0x000000000800727c                HAL_UART_Transmit_DMA
 .text.HAL_UART_Receive_DMA
                0x0000000008007374       0x88 ./Drivers/STM32F3xx_HAL_Driver/Src/stm32f3xx_hal_uart.o
                0x0000000008007374                HAL_UART_Receive_DMA
 .text.HAL_UART_IRQHandler
                0x00000000080073fc      0x5cc ./Drivers/STM32F3xx_HAL_Driver/Src/stm32f3xx_hal_uart.o
                0x00000000080073fc                HAL_UART_IRQHandler
 .text.HAL_UART_TxHalfCpltCallback
                0x00000000080079c8       0x14 ./Drivers/STM32F3xx_HAL_Driver/Src/stm32f3xx_hal_uart.o
                0x00000000080079c8                HAL_UART_TxHalfCpltCallback
 .text.HAL_UART_RxHalfCpltCallback
                0x00000000080079dc       0x14 ./Drivers/STM32F3xx_HAL_Driver/Src/stm32f3xx_hal_uart.o
                0x00000000080079dc                HAL_UART_RxHalfCpltCallback
 .text.HAL_UART_ErrorCallback
                0x00000000080079f0       0x14 ./Drivers/STM32F3xx_HAL_Driver/Src/stm32f3xx_hal_uart.o
                0x00000000080079f0                HAL_UART_ErrorCallback
 .text.HAL_UARTEx_RxEventCallback
                0x0000000008007a04       0x18 ./Drivers/STM32F3xx_HAL_Driver/Src/stm32f3xx_hal_uart.o
                0x0000000008007a04                HAL_UARTEx_RxEventCallback
 .text.UART_SetConfig
                0x0000000008007a1c      0x3a8 ./Drivers/STM32F3xx_HAL_Driver/Src/stm32f3xx_hal_uart.o
                0x0000000008007a1c                UART_SetConfig
 .text.UART_AdvFeatureConfig
                0x0000000008007dc4      0x144 ./Drivers/STM32F3xx_HAL_Driver/Src/stm32f3xx_hal_uart.o
                0x0000000008007dc4                UART_AdvFeatureConfig
 .text.UART_CheckIdleState
                0x0000000008007f08      0x150 ./Drivers/STM32F3xx_HAL_Driver/Src/stm32f3xx_hal_uart.o
                0x0000000008007f08                UART_CheckIdleState
 .text.UART_WaitOnFlagUntilTimeout
                0x0000000008008058       0xda ./Drivers/STM32F3xx_HAL_Driver/Src/stm32f3xx_hal_uart.o
                0x0000000008008058                UART_WaitOnFlagUntilTimeout
 *fill*         0x0000000008008132        0x2 
 .text.UART_Start_Receive_DMA
                0x0000000008008134      0x140 ./Drivers/STM32F3xx_HAL_Driver/Src/stm32f3xx_hal_uart.o
                0x0000000008008134                UART_Start_Receive_DMA
 .text.UART_EndTxTransfer
                0x0000000008008274       0x4c ./Drivers/STM32F3xx_HAL_Driver/Src/stm32f3xx_hal_uart.o
 .text.UART_EndRxTransfer
                0x00000000080082c0       0xc8 ./Drivers/STM32F3xx_HAL_Driver/Src/stm32f3xx_hal_uart.o
 .text.UART_DMATransmitCplt
                0x0000000008008388       0x94 ./Drivers/STM32F3xx_HAL_Driver/Src/stm32f3xx_hal_uart.o
 .text.UART_DMATxHalfCplt
                0x000000000800841c       0x1c ./Drivers/STM32F3xx_HAL_Driver/Src/stm32f3xx_hal_uart.o
 .text.UART_DMAReceiveCplt
                0x0000000008008438      0x126 ./Drivers/STM32F3xx_HAL_Driver/Src/stm32f3xx_hal_uart.o
 .text.UART_DMARxHalfCplt
                0x000000000800855e       0x3e ./Drivers/STM32F3xx_HAL_Driver/Src/stm32f3xx_hal_uart.o
 .text.UART_DMAError
                0x000000000800859c       0x7e ./Drivers/STM32F3xx_HAL_Driver/Src/stm32f3xx_hal_uart.o
 .text.UART_DMAAbortOnError
                0x000000000800861a       0x2c ./Drivers/STM32F3xx_HAL_Driver/Src/stm32f3xx_hal_uart.o
 .text.UART_EndTransmit_IT
                0x0000000008008646       0x54 ./Drivers/STM32F3xx_HAL_Driver/Src/stm32f3xx_hal_uart.o
 .text.HAL_UARTEx_WakeupCallback
                0x000000000800869a       0x14 ./Drivers/STM32F3xx_HAL_Driver/Src/stm32f3xx_hal_uart_ex.o
                0x000000000800869a                HAL_UARTEx_WakeupCallback
 *fill*         0x00000000080086ae        0x2 
 .text.arm_rfft_fast_init_f32
                0x00000000080086b0      0x104 C:\Users\ASUS\STM32CubeIDE\workspace_1.12.1\UTOM_V32\Drivers\CMSIS\Lib\GCC\libarm_cortexM4lf_math.a(arm_rfft_fast_init_f32.o)
                0x00000000080086b0                arm_rfft_fast_init_f32
 .text.arm_rfft_fast_f32
                0x00000000080087b4      0x188 C:\Users\ASUS\STM32CubeIDE\workspace_1.12.1\UTOM_V32\Drivers\CMSIS\Lib\GCC\libarm_cortexM4lf_math.a(arm_rfft_fast_f32.o)
                0x00000000080087b4                arm_rfft_fast_f32
 .text.arm_cfft_radix8by2_f32
                0x000000000800893c      0x1a0 C:\Users\ASUS\STM32CubeIDE\workspace_1.12.1\UTOM_V32\Drivers\CMSIS\Lib\GCC\libarm_cortexM4lf_math.a(arm_cfft_f32.o)
                0x000000000800893c                arm_cfft_radix8by2_f32
 .text.arm_cfft_radix8by4_f32
                0x0000000008008adc      0x4bc C:\Users\ASUS\STM32CubeIDE\workspace_1.12.1\UTOM_V32\Drivers\CMSIS\Lib\GCC\libarm_cortexM4lf_math.a(arm_cfft_f32.o)
                0x0000000008008adc                arm_cfft_radix8by4_f32
 .text.arm_cfft_f32
                0x0000000008008f98       0xf4 C:\Users\ASUS\STM32CubeIDE\workspace_1.12.1\UTOM_V32\Drivers\CMSIS\Lib\GCC\libarm_cortexM4lf_math.a(arm_cfft_f32.o)
                0x0000000008008f98                arm_cfft_f32
 .text.arm_radix8_butterfly_f32
                0x000000000800908c      0x5e4 C:\Users\ASUS\STM32CubeIDE\workspace_1.12.1\UTOM_V32\Drivers\CMSIS\Lib\GCC\libarm_cortexM4lf_math.a(arm_cfft_radix8_f32.o)
                0x000000000800908c                arm_radix8_butterfly_f32
 .text.__libc_init_array
                0x0000000008009670       0x48 c:/st/stm32cubeide_1.12.1/stm32cubeide/plugins/com.st.stm32cube.ide.mcu.externaltools.gnu-tools-for-stm32.10.3-2021.10.win32_1.0.200.202301161003/tools/bin/../lib/gcc/arm-none-eabi/10.3.1/../../../../arm-none-eabi/lib/thumb/v7e-m+fp/hard\libc_nano.a(lib_a-init.o)
                0x0000000008009670                __libc_init_array
 .text.memcpy   0x00000000080096b8       0x1c c:/st/stm32cubeide_1.12.1/stm32cubeide/plugins/com.st.stm32cube.ide.mcu.externaltools.gnu-tools-for-stm32.10.3-2021.10.win32_1.0.200.202301161003/tools/bin/../lib/gcc/arm-none-eabi/10.3.1/../../../../arm-none-eabi/lib/thumb/v7e-m+fp/hard\libc_nano.a(lib_a-memcpy-stub.o)
                0x00000000080096b8                memcpy
 .text.memset   0x00000000080096d4       0x10 c:/st/stm32cubeide_1.12.1/stm32cubeide/plugins/com.st.stm32cube.ide.mcu.externaltools.gnu-tools-for-stm32.10.3-2021.10.win32_1.0.200.202301161003/tools/bin/../lib/gcc/arm-none-eabi/10.3.1/../../../../arm-none-eabi/lib/thumb/v7e-m+fp/hard\libc_nano.a(lib_a-memset.o)
                0x00000000080096d4                memset
 *fill*         0x00000000080096e4        0x4 
 .text.cos      0x00000000080096e8       0xa8 c:/st/stm32cubeide_1.12.1/stm32cubeide/plugins/com.st.stm32cube.ide.mcu.externaltools.gnu-tools-for-stm32.10.3-2021.10.win32_1.0.200.202301161003/tools/bin/../lib/gcc/arm-none-eabi/10.3.1/../../../../arm-none-eabi/lib/thumb/v7e-m+fp/hard\libm.a(lib_a-s_cos.o)
                0x00000000080096e8                cos
 .text.sqrtf    0x0000000008009790       0x3c c:/st/stm32cubeide_1.12.1/stm32cubeide/plugins/com.st.stm32cube.ide.mcu.externaltools.gnu-tools-for-stm32.10.3-2021.10.win32_1.0.200.202301161003/tools/bin/../lib/gcc/arm-none-eabi/10.3.1/../../../../arm-none-eabi/lib/thumb/v7e-m+fp/hard\libm.a(lib_a-wf_sqrt.o)
                0x0000000008009790                sqrtf
 *fill*         0x00000000080097cc        0x4 
 .text.__ieee754_rem_pio2
                0x00000000080097d0      0x418 c:/st/stm32cubeide_1.12.1/stm32cubeide/plugins/com.st.stm32cube.ide.mcu.externaltools.gnu-tools-for-stm32.10.3-2021.10.win32_1.0.200.202301161003/tools/bin/../lib/gcc/arm-none-eabi/10.3.1/../../../../arm-none-eabi/lib/thumb/v7e-m+fp/hard\libm.a(lib_a-e_rem_pio2.o)
                0x00000000080097d0                __ieee754_rem_pio2
 .text.__ieee754_sqrtf
                0x0000000008009be8        0x6 c:/st/stm32cubeide_1.12.1/stm32cubeide/plugins/com.st.stm32cube.ide.mcu.externaltools.gnu-tools-for-stm32.10.3-2021.10.win32_1.0.200.202301161003/tools/bin/../lib/gcc/arm-none-eabi/10.3.1/../../../../arm-none-eabi/lib/thumb/v7e-m+fp/hard\libm.a(lib_a-ef_sqrt.o)
                0x0000000008009be8                __ieee754_sqrtf
 *fill*         0x0000000008009bee        0x2 
 .text.__kernel_cos
                0x0000000008009bf0      0x18c c:/st/stm32cubeide_1.12.1/stm32cubeide/plugins/com.st.stm32cube.ide.mcu.externaltools.gnu-tools-for-stm32.10.3-2021.10.win32_1.0.200.202301161003/tools/bin/../lib/gcc/arm-none-eabi/10.3.1/../../../../arm-none-eabi/lib/thumb/v7e-m+fp/hard\libm.a(lib_a-k_cos.o)
                0x0000000008009bf0                __kernel_cos
 *fill*         0x0000000008009d7c        0x4 
 .text.__kernel_rem_pio2
                0x0000000008009d80      0x69c c:/st/stm32cubeide_1.12.1/stm32cubeide/plugins/com.st.stm32cube.ide.mcu.externaltools.gnu-tools-for-stm32.10.3-2021.10.win32_1.0.200.202301161003/tools/bin/../lib/gcc/arm-none-eabi/10.3.1/../../../../arm-none-eabi/lib/thumb/v7e-m+fp/hard\libm.a(lib_a-k_rem_pio2.o)
                0x0000000008009d80                __kernel_rem_pio2
 *fill*         0x000000000800a41c        0x4 
 .text.__kernel_sin
                0x000000000800a420      0x17c c:/st/stm32cubeide_1.12.1/stm32cubeide/plugins/com.st.stm32cube.ide.mcu.externaltools.gnu-tools-for-stm32.10.3-2021.10.win32_1.0.200.202301161003/tools/bin/../lib/gcc/arm-none-eabi/10.3.1/../../../../arm-none-eabi/lib/thumb/v7e-m+fp/hard\libm.a(lib_a-k_sin.o)
                0x000000000800a420                __kernel_sin
 .text.fabs     0x000000000800a59c       0x12 c:/st/stm32cubeide_1.12.1/stm32cubeide/plugins/com.st.stm32cube.ide.mcu.externaltools.gnu-tools-for-stm32.10.3-2021.10.win32_1.0.200.202301161003/tools/bin/../lib/gcc/arm-none-eabi/10.3.1/../../../../arm-none-eabi/lib/thumb/v7e-m+fp/hard\libm.a(lib_a-s_fabs.o)
                0x000000000800a59c                fabs
 *fill*         0x000000000800a5ae        0x2 
 .text.floor    0x000000000800a5b0      0x100 c:/st/stm32cubeide_1.12.1/stm32cubeide/plugins/com.st.stm32cube.ide.mcu.externaltools.gnu-tools-for-stm32.10.3-2021.10.win32_1.0.200.202301161003/tools/bin/../lib/gcc/arm-none-eabi/10.3.1/../../../../arm-none-eabi/lib/thumb/v7e-m+fp/hard\libm.a(lib_a-s_floor.o)
                0x000000000800a5b0                floor
 .text.scalbn   0x000000000800a6b0      0x10c c:/st/stm32cubeide_1.12.1/stm32cubeide/plugins/com.st.stm32cube.ide.mcu.externaltools.gnu-tools-for-stm32.10.3-2021.10.win32_1.0.200.202301161003/tools/bin/../lib/gcc/arm-none-eabi/10.3.1/../../../../arm-none-eabi/lib/thumb/v7e-m+fp/hard\libm.a(lib_a-s_scalbn.o)
                0x000000000800a6b0                scalbn
 .text.__errno  0x000000000800a7bc        0xc c:/st/stm32cubeide_1.12.1/stm32cubeide/plugins/com.st.stm32cube.ide.mcu.externaltools.gnu-tools-for-stm32.10.3-2021.10.win32_1.0.200.202301161003/tools/bin/../lib/gcc/arm-none-eabi/10.3.1/../../../../arm-none-eabi/lib/thumb/v7e-m+fp/hard\libc_nano.a(lib_a-errno.o)
                0x000000000800a7bc                __errno
 *(.glue_7)
 .glue_7        0x000000000800a7c8        0x0 linker stubs
 *(.glue_7t)
 .glue_7t       0x000000000800a7c8        0x0 linker stubs
 *(.eh_frame)
 .eh_frame      0x000000000800a7c8        0x0 c:/st/stm32cubeide_1.12.1/stm32cubeide/plugins/com.st.stm32cube.ide.mcu.externaltools.gnu-tools-for-stm32.10.3-2021.10.win32_1.0.200.202301161003/tools/bin/../lib/gcc/arm-none-eabi/10.3.1/thumb/v7e-m+fp/hard/crtbegin.o
 *(.init)
 .init          0x000000000800a7c8        0x4 c:/st/stm32cubeide_1.12.1/stm32cubeide/plugins/com.st.stm32cube.ide.mcu.externaltools.gnu-tools-for-stm32.10.3-2021.10.win32_1.0.200.202301161003/tools/bin/../lib/gcc/arm-none-eabi/10.3.1/thumb/v7e-m+fp/hard/crti.o
                0x000000000800a7c8                _init
 .init          0x000000000800a7cc        0x8 c:/st/stm32cubeide_1.12.1/stm32cubeide/plugins/com.st.stm32cube.ide.mcu.externaltools.gnu-tools-for-stm32.10.3-2021.10.win32_1.0.200.202301161003/tools/bin/../lib/gcc/arm-none-eabi/10.3.1/thumb/v7e-m+fp/hard/crtn.o
 *(.fini)
 .fini          0x000000000800a7d4        0x4 c:/st/stm32cubeide_1.12.1/stm32cubeide/plugins/com.st.stm32cube.ide.mcu.externaltools.gnu-tools-for-stm32.10.3-2021.10.win32_1.0.200.202301161003/tools/bin/../lib/gcc/arm-none-eabi/10.3.1/thumb/v7e-m+fp/hard/crti.o
                0x000000000800a7d4                _fini
 .fini          0x000000000800a7d8        0x8 c:/st/stm32cubeide_1.12.1/stm32cubeide/plugins/com.st.stm32cube.ide.mcu.externaltools.gnu-tools-for-stm32.10.3-2021.10.win32_1.0.200.202301161003/tools/bin/../lib/gcc/arm-none-eabi/10.3.1/thumb/v7e-m+fp/hard/crtn.o
                0x000000000800a7e0                . = ALIGN (0x4)
                0x000000000800a7e0                _etext = .

.vfp11_veneer   0x000000000800a7e0        0x0
 .vfp11_veneer  0x000000000800a7e0        0x0 linker stubs

.v4_bx          0x000000000800a7e0        0x0
 .v4_bx         0x000000000800a7e0        0x0 linker stubs

.iplt           0x000000000800a7e0        0x0
 .iplt          0x000000000800a7e0        0x0 c:/st/stm32cubeide_1.12.1/stm32cubeide/plugins/com.st.stm32cube.ide.mcu.externaltools.gnu-tools-for-stm32.10.3-2021.10.win32_1.0.200.202301161003/tools/bin/../lib/gcc/arm-none-eabi/10.3.1/thumb/v7e-m+fp/hard/crtbegin.o

.rodata         0x000000000800a7e0    0x136c8
                0x000000000800a7e0                . = ALIGN (0x4)
 *(.rodata)
 .rodata        0x000000000800a7e0       0x5a ./Core/Src/state_machine.o
 *(.rodata*)
 *fill*         0x000000000800a83a        0x2 
 .rodata.AHBPrescTable
                0x000000000800a83c       0x10 ./Core/Src/system_stm32f3xx.o
                0x000000000800a83c                AHBPrescTable
 .rodata.APBPrescTable
                0x000000000800a84c        0x8 ./Core/Src/system_stm32f3xx.o
                0x000000000800a84c                APBPrescTable
 .rodata.aPLLMULFactorTable
                0x000000000800a854       0x10 ./Drivers/STM32F3xx_HAL_Driver/Src/stm32f3xx_hal_rcc.o
 .rodata.aPredivFactorTable
                0x000000000800a864       0x10 ./Drivers/STM32F3xx_HAL_Driver/Src/stm32f3xx_hal_rcc.o
 .rodata.twiddleCoef_2048
                0x000000000800a874     0x4000 C:\Users\ASUS\STM32CubeIDE\workspace_1.12.1\UTOM_V32\Drivers\CMSIS\Lib\GCC\libarm_cortexM4lf_math.a(arm_common_tables.o)
                0x000000000800a874                twiddleCoef_2048
 .rodata.twiddleCoef_rfft_64
                0x000000000800e874      0x100 C:\Users\ASUS\STM32CubeIDE\workspace_1.12.1\UTOM_V32\Drivers\CMSIS\Lib\GCC\libarm_cortexM4lf_math.a(arm_common_tables.o)
                0x000000000800e874                twiddleCoef_rfft_64
 .rodata.armBitRevIndexTable64
                0x000000000800e974       0x70 C:\Users\ASUS\STM32CubeIDE\workspace_1.12.1\UTOM_V32\Drivers\CMSIS\Lib\GCC\libarm_cortexM4lf_math.a(arm_common_tables.o)
                0x000000000800e974                armBitRevIndexTable64
 .rodata.twiddleCoef_rfft_2048
                0x000000000800e9e4     0x2000 C:\Users\ASUS\STM32CubeIDE\workspace_1.12.1\UTOM_V32\Drivers\CMSIS\Lib\GCC\libarm_cortexM4lf_math.a(arm_common_tables.o)
                0x000000000800e9e4                twiddleCoef_rfft_2048
 .rodata.twiddleCoef_rfft_4096
                0x00000000080109e4     0x4000 C:\Users\ASUS\STM32CubeIDE\workspace_1.12.1\UTOM_V32\Drivers\CMSIS\Lib\GCC\libarm_cortexM4lf_math.a(arm_common_tables.o)
                0x00000000080109e4                twiddleCoef_rfft_4096
 .rodata.twiddleCoef_256
                0x00000000080149e4      0x800 C:\Users\ASUS\STM32CubeIDE\workspace_1.12.1\UTOM_V32\Drivers\CMSIS\Lib\GCC\libarm_cortexM4lf_math.a(arm_common_tables.o)
                0x00000000080149e4                twiddleCoef_256
 .rodata.twiddleCoef_16
                0x00000000080151e4       0x80 C:\Users\ASUS\STM32CubeIDE\workspace_1.12.1\UTOM_V32\Drivers\CMSIS\Lib\GCC\libarm_cortexM4lf_math.a(arm_common_tables.o)
                0x00000000080151e4                twiddleCoef_16
 .rodata.twiddleCoef_1024
                0x0000000008015264     0x2000 C:\Users\ASUS\STM32CubeIDE\workspace_1.12.1\UTOM_V32\Drivers\CMSIS\Lib\GCC\libarm_cortexM4lf_math.a(arm_common_tables.o)
                0x0000000008015264                twiddleCoef_1024
 .rodata.twiddleCoef_32
                0x0000000008017264      0x100 C:\Users\ASUS\STM32CubeIDE\workspace_1.12.1\UTOM_V32\Drivers\CMSIS\Lib\GCC\libarm_cortexM4lf_math.a(arm_common_tables.o)
                0x0000000008017264                twiddleCoef_32
 .rodata.armBitRevIndexTable1024
                0x0000000008017364      0xe10 C:\Users\ASUS\STM32CubeIDE\workspace_1.12.1\UTOM_V32\Drivers\CMSIS\Lib\GCC\libarm_cortexM4lf_math.a(arm_common_tables.o)
                0x0000000008017364                armBitRevIndexTable1024
 .rodata.armBitRevIndexTable16
                0x0000000008018174       0x28 C:\Users\ASUS\STM32CubeIDE\workspace_1.12.1\UTOM_V32\Drivers\CMSIS\Lib\GCC\libarm_cortexM4lf_math.a(arm_common_tables.o)
                0x0000000008018174                armBitRevIndexTable16
 .rodata.twiddleCoef_rfft_32
                0x000000000801819c       0x80 C:\Users\ASUS\STM32CubeIDE\workspace_1.12.1\UTOM_V32\Drivers\CMSIS\Lib\GCC\libarm_cortexM4lf_math.a(arm_common_tables.o)
                0x000000000801819c                twiddleCoef_rfft_32
 .rodata.armBitRevIndexTable32
                0x000000000801821c       0x60 C:\Users\ASUS\STM32CubeIDE\workspace_1.12.1\UTOM_V32\Drivers\CMSIS\Lib\GCC\libarm_cortexM4lf_math.a(arm_common_tables.o)
                0x000000000801821c                armBitRevIndexTable32
 .rodata.twiddleCoef_128
                0x000000000801827c      0x400 C:\Users\ASUS\STM32CubeIDE\workspace_1.12.1\UTOM_V32\Drivers\CMSIS\Lib\GCC\libarm_cortexM4lf_math.a(arm_common_tables.o)
                0x000000000801827c                twiddleCoef_128
 .rodata.twiddleCoef_512
                0x000000000801867c     0x1000 C:\Users\ASUS\STM32CubeIDE\workspace_1.12.1\UTOM_V32\Drivers\CMSIS\Lib\GCC\libarm_cortexM4lf_math.a(arm_common_tables.o)
                0x000000000801867c                twiddleCoef_512
 .rodata.armBitRevIndexTable2048
                0x000000000801967c     0x1dc0 C:\Users\ASUS\STM32CubeIDE\workspace_1.12.1\UTOM_V32\Drivers\CMSIS\Lib\GCC\libarm_cortexM4lf_math.a(arm_common_tables.o)
                0x000000000801967c                armBitRevIndexTable2048
 .rodata.twiddleCoef_64
                0x000000000801b43c      0x200 C:\Users\ASUS\STM32CubeIDE\workspace_1.12.1\UTOM_V32\Drivers\CMSIS\Lib\GCC\libarm_cortexM4lf_math.a(arm_common_tables.o)
                0x000000000801b43c                twiddleCoef_64
 .rodata.twiddleCoef_rfft_512
                0x000000000801b63c      0x800 C:\Users\ASUS\STM32CubeIDE\workspace_1.12.1\UTOM_V32\Drivers\CMSIS\Lib\GCC\libarm_cortexM4lf_math.a(arm_common_tables.o)
                0x000000000801b63c                twiddleCoef_rfft_512
 .rodata.armBitRevIndexTable512
                0x000000000801be3c      0x380 C:\Users\ASUS\STM32CubeIDE\workspace_1.12.1\UTOM_V32\Drivers\CMSIS\Lib\GCC\libarm_cortexM4lf_math.a(arm_common_tables.o)
                0x000000000801be3c                armBitRevIndexTable512
 .rodata.twiddleCoef_rfft_1024
                0x000000000801c1bc     0x1000 C:\Users\ASUS\STM32CubeIDE\workspace_1.12.1\UTOM_V32\Drivers\CMSIS\Lib\GCC\libarm_cortexM4lf_math.a(arm_common_tables.o)
                0x000000000801c1bc                twiddleCoef_rfft_1024
 .rodata.twiddleCoef_rfft_256
                0x000000000801d1bc      0x400 C:\Users\ASUS\STM32CubeIDE\workspace_1.12.1\UTOM_V32\Drivers\CMSIS\Lib\GCC\libarm_cortexM4lf_math.a(arm_common_tables.o)
                0x000000000801d1bc                twiddleCoef_rfft_256
 .rodata.armBitRevIndexTable256
                0x000000000801d5bc      0x370 C:\Users\ASUS\STM32CubeIDE\workspace_1.12.1\UTOM_V32\Drivers\CMSIS\Lib\GCC\libarm_cortexM4lf_math.a(arm_common_tables.o)
                0x000000000801d5bc                armBitRevIndexTable256
 .rodata.twiddleCoef_rfft_128
                0x000000000801d92c      0x200 C:\Users\ASUS\STM32CubeIDE\workspace_1.12.1\UTOM_V32\Drivers\CMSIS\Lib\GCC\libarm_cortexM4lf_math.a(arm_common_tables.o)
                0x000000000801d92c                twiddleCoef_rfft_128
 .rodata.armBitRevIndexTable128
                0x000000000801db2c      0x1a0 C:\Users\ASUS\STM32CubeIDE\workspace_1.12.1\UTOM_V32\Drivers\CMSIS\Lib\GCC\libarm_cortexM4lf_math.a(arm_common_tables.o)
                0x000000000801db2c                armBitRevIndexTable128
 .rodata.npio2_hw
                0x000000000801dccc       0x80 c:/st/stm32cubeide_1.12.1/stm32cubeide/plugins/com.st.stm32cube.ide.mcu.externaltools.gnu-tools-for-stm32.10.3-2021.10.win32_1.0.200.202301161003/tools/bin/../lib/gcc/arm-none-eabi/10.3.1/../../../../arm-none-eabi/lib/thumb/v7e-m+fp/hard\libm.a(lib_a-e_rem_pio2.o)
 .rodata.two_over_pi
                0x000000000801dd4c      0x108 c:/st/stm32cubeide_1.12.1/stm32cubeide/plugins/com.st.stm32cube.ide.mcu.externaltools.gnu-tools-for-stm32.10.3-2021.10.win32_1.0.200.202301161003/tools/bin/../lib/gcc/arm-none-eabi/10.3.1/../../../../arm-none-eabi/lib/thumb/v7e-m+fp/hard\libm.a(lib_a-e_rem_pio2.o)
 *fill*         0x000000000801de54        0x4 
 .rodata.PIo2   0x000000000801de58       0x40 c:/st/stm32cubeide_1.12.1/stm32cubeide/plugins/com.st.stm32cube.ide.mcu.externaltools.gnu-tools-for-stm32.10.3-2021.10.win32_1.0.200.202301161003/tools/bin/../lib/gcc/arm-none-eabi/10.3.1/../../../../arm-none-eabi/lib/thumb/v7e-m+fp/hard\libm.a(lib_a-k_rem_pio2.o)
 .rodata.init_jk
                0x000000000801de98       0x10 c:/st/stm32cubeide_1.12.1/stm32cubeide/plugins/com.st.stm32cube.ide.mcu.externaltools.gnu-tools-for-stm32.10.3-2021.10.win32_1.0.200.202301161003/tools/bin/../lib/gcc/arm-none-eabi/10.3.1/../../../../arm-none-eabi/lib/thumb/v7e-m+fp/hard\libm.a(lib_a-k_rem_pio2.o)
                0x000000000801dea8                . = ALIGN (0x4)

.rel.dyn        0x000000000801dea8        0x0
 .rel.iplt      0x000000000801dea8        0x0 c:/st/stm32cubeide_1.12.1/stm32cubeide/plugins/com.st.stm32cube.ide.mcu.externaltools.gnu-tools-for-stm32.10.3-2021.10.win32_1.0.200.202301161003/tools/bin/../lib/gcc/arm-none-eabi/10.3.1/thumb/v7e-m+fp/hard/crtbegin.o

.ARM.extab      0x000000000801dea8        0x0
                0x000000000801dea8                . = ALIGN (0x4)
 *(.ARM.extab* .gnu.linkonce.armextab.*)
                0x000000000801dea8                . = ALIGN (0x4)

.ARM            0x000000000801dea8        0x0
                0x000000000801dea8                . = ALIGN (0x4)
                0x000000000801dea8                __exidx_start = .
 *(.ARM.exidx*)
                0x000000000801dea8                __exidx_end = .
                0x000000000801dea8                . = ALIGN (0x4)

.preinit_array  0x000000000801dea8        0x0
                0x000000000801dea8                . = ALIGN (0x4)
                0x000000000801dea8                PROVIDE (__preinit_array_start = .)
 *(.preinit_array*)
                0x000000000801dea8                PROVIDE (__preinit_array_end = .)
                0x000000000801dea8                . = ALIGN (0x4)

.init_array     0x000000000801dea8        0x4
                0x000000000801dea8                . = ALIGN (0x4)
                0x000000000801dea8                PROVIDE (__init_array_start = .)
 *(SORT_BY_NAME(.init_array.*))
 *(.init_array*)
 .init_array    0x000000000801dea8        0x4 c:/st/stm32cubeide_1.12.1/stm32cubeide/plugins/com.st.stm32cube.ide.mcu.externaltools.gnu-tools-for-stm32.10.3-2021.10.win32_1.0.200.202301161003/tools/bin/../lib/gcc/arm-none-eabi/10.3.1/thumb/v7e-m+fp/hard/crtbegin.o
                0x000000000801deac                PROVIDE (__init_array_end = .)
                0x000000000801deac                . = ALIGN (0x4)

.fini_array     0x000000000801deac        0x4
                0x000000000801deac                . = ALIGN (0x4)
                [!provide]                        PROVIDE (__fini_array_start = .)
 *(SORT_BY_NAME(.fini_array.*))
 *(.fini_array*)
 .fini_array    0x000000000801deac        0x4 c:/st/stm32cubeide_1.12.1/stm32cubeide/plugins/com.st.stm32cube.ide.mcu.externaltools.gnu-tools-for-stm32.10.3-2021.10.win32_1.0.200.202301161003/tools/bin/../lib/gcc/arm-none-eabi/10.3.1/thumb/v7e-m+fp/hard/crtbegin.o
                [!provide]                        PROVIDE (__fini_array_end = .)
                0x000000000801deb0                . = ALIGN (0x4)
                0x000000000801deb0                _sidata = LOADADDR (.data)

.data           0x0000000020000000       0xdc load address 0x000000000801deb0
                0x0000000020000000                . = ALIGN (0x4)
                0x0000000020000000                _sdata = .
 *(.data)
 *(.data*)
 .data.state_func_ptr
                0x0000000020000000       0x24 ./Core/Src/main.o
                0x0000000020000000                state_func_ptr
 .data.uart_cplt_lck
                0x0000000020000024        0x1 ./Core/Src/main.o
                0x0000000020000024                uart_cplt_lck
 *fill*         0x0000000020000025        0x3 
 .data.mux_pins
                0x0000000020000028        0xa ./Core/Src/main.o
                0x0000000020000028                mux_pins
 *fill*         0x0000000020000032        0x2 
 .data.mux_ports
                0x0000000020000034       0x14 ./Core/Src/main.o
                0x0000000020000034                mux_ports
 .data.cs_pins  0x0000000020000048        0x8 ./Core/Src/main.o
                0x0000000020000048                cs_pins
 .data.cs_ports
                0x0000000020000050       0x10 ./Core/Src/main.o
                0x0000000020000050                cs_ports
 .data.dac_DB   0x0000000020000060        0x4 ./Core/Src/main.o
                0x0000000020000060                dac_DB
 .data.dac_LIN  0x0000000020000064        0x4 ./Core/Src/main.o
                0x0000000020000064                dac_LIN
 .data.f_target
                0x0000000020000068        0x1 ./Core/Src/main.o
                0x0000000020000068                f_target
 *fill*         0x0000000020000069        0x3 
 .data.SystemCoreClock
                0x000000002000006c        0x4 ./Core/Src/system_stm32f3xx.o
                0x000000002000006c                SystemCoreClock
 .data.uwTickPrio
                0x0000000020000070        0x4 ./Drivers/STM32F3xx_HAL_Driver/Src/stm32f3xx_hal.o
                0x0000000020000070                uwTickPrio
 .data.uwTickFreq
                0x0000000020000074        0x1 ./Drivers/STM32F3xx_HAL_Driver/Src/stm32f3xx_hal.o
                0x0000000020000074                uwTickFreq
 *fill*         0x0000000020000075        0x3 
 .data._impure_ptr
                0x0000000020000078        0x4 c:/st/stm32cubeide_1.12.1/stm32cubeide/plugins/com.st.stm32cube.ide.mcu.externaltools.gnu-tools-for-stm32.10.3-2021.10.win32_1.0.200.202301161003/tools/bin/../lib/gcc/arm-none-eabi/10.3.1/../../../../arm-none-eabi/lib/thumb/v7e-m+fp/hard\libc_nano.a(lib_a-impure.o)
                0x0000000020000078                _impure_ptr
 .data.impure_data
                0x000000002000007c       0x60 c:/st/stm32cubeide_1.12.1/stm32cubeide/plugins/com.st.stm32cube.ide.mcu.externaltools.gnu-tools-for-stm32.10.3-2021.10.win32_1.0.200.202301161003/tools/bin/../lib/gcc/arm-none-eabi/10.3.1/../../../../arm-none-eabi/lib/thumb/v7e-m+fp/hard\libc_nano.a(lib_a-impure.o)
 *(.RamFunc)
 *(.RamFunc*)
                0x00000000200000dc                . = ALIGN (0x4)
                0x00000000200000dc                _edata = .
                0x000000000801df8c                _siccmram = LOADADDR (.ccmram)

.igot.plt       0x00000000200000dc        0x0 load address 0x000000000801df8c
 .igot.plt      0x00000000200000dc        0x0 c:/st/stm32cubeide_1.12.1/stm32cubeide/plugins/com.st.stm32cube.ide.mcu.externaltools.gnu-tools-for-stm32.10.3-2021.10.win32_1.0.200.202301161003/tools/bin/../lib/gcc/arm-none-eabi/10.3.1/thumb/v7e-m+fp/hard/crtbegin.o

.ccmram         0x0000000010000000        0x0 load address 0x000000000801df8c
                0x0000000010000000                . = ALIGN (0x4)
                0x0000000010000000                _sccmram = .
 *(.ccmram)
 *(.ccmram*)
                0x0000000010000000                . = ALIGN (0x4)
                0x0000000010000000                _eccmram = .
                0x0000000010000000                . = ALIGN (0x4)

.bss            0x00000000200000dc     0x92c8
                0x00000000200000dc                _sbss = .
                0x00000000200000dc                __bss_start__ = _sbss
 *(.bss)
 .bss           0x00000000200000dc       0x1c c:/st/stm32cubeide_1.12.1/stm32cubeide/plugins/com.st.stm32cube.ide.mcu.externaltools.gnu-tools-for-stm32.10.3-2021.10.win32_1.0.200.202301161003/tools/bin/../lib/gcc/arm-none-eabi/10.3.1/thumb/v7e-m+fp/hard/crtbegin.o
 *(.bss*)
 .bss.hadc1     0x00000000200000f8       0x50 ./Core/Src/main.o
                0x00000000200000f8                hadc1
 .bss.hadc2     0x0000000020000148       0x50 ./Core/Src/main.o
                0x0000000020000148                hadc2
 .bss.hadc3     0x0000000020000198       0x50 ./Core/Src/main.o
                0x0000000020000198                hadc3
 .bss.hdma_adc1
                0x00000000200001e8       0x44 ./Core/Src/main.o
                0x00000000200001e8                hdma_adc1
 .bss.hdma_adc2
                0x000000002000022c       0x44 ./Core/Src/main.o
                0x000000002000022c                hdma_adc2
 .bss.hdma_adc3
                0x0000000020000270       0x44 ./Core/Src/main.o
                0x0000000020000270                hdma_adc3
 .bss.hdac1     0x00000000200002b4       0x14 ./Core/Src/main.o
                0x00000000200002b4                hdac1
 .bss.hrtc      0x00000000200002c8       0x20 ./Core/Src/main.o
                0x00000000200002c8                hrtc
 .bss.htim3     0x00000000200002e8       0x4c ./Core/Src/main.o
                0x00000000200002e8                htim3
 .bss.htim4     0x0000000020000334       0x4c ./Core/Src/main.o
                0x0000000020000334                htim4
 .bss.htim8     0x0000000020000380       0x4c ./Core/Src/main.o
                0x0000000020000380                htim8
 .bss.huart3    0x00000000200003cc       0x88 ./Core/Src/main.o
                0x00000000200003cc                huart3
 .bss.hdma_usart3_tx
                0x0000000020000454       0x44 ./Core/Src/main.o
                0x0000000020000454                hdma_usart3_tx
 .bss.hdma_usart3_rx
                0x0000000020000498       0x44 ./Core/Src/main.o
                0x0000000020000498                hdma_usart3_rx
 .bss.comm      0x00000000200004dc        0x5 ./Core/Src/main.o
                0x00000000200004dc                comm
 *fill*         0x00000000200004e1        0x3 
 .bss.adc_buffer
                0x00000000200004e4      0xfa0 ./Core/Src/main.o
                0x00000000200004e4                adc_buffer
 .bss.uart_ring_buffer
                0x0000000020001484      0xfa0 ./Core/Src/main.o
                0x0000000020001484                uart_ring_buffer
 .bss.ring_buffer_struct
                0x0000000020002424       0x14 ./Core/Src/main.o
                0x0000000020002424                ring_buffer_struct
 .bss.fft_lck   0x0000000020002438        0x1 ./Core/Src/main.o
                0x0000000020002438                fft_lck
 *fill*         0x0000000020002439        0x3 
 .bss.channels_value
                0x000000002000243c        0x4 ./Core/Src/main.o
                0x000000002000243c                channels_value
 .bss.fft_input
                0x0000000020002440     0x2000 ./Core/Src/main.o
                0x0000000020002440                fft_input
 .bss.fft_output
                0x0000000020004440     0x2000 ./Core/Src/main.o
                0x0000000020004440                fft_output
 .bss.magnitudes
                0x0000000020006440     0x1000 ./Core/Src/main.o
                0x0000000020006440                magnitudes
 .bss.fft_instance
                0x0000000020007440       0x18 ./Core/Src/main.o
                0x0000000020007440                fft_instance
 .bss.mag_value
                0x0000000020007458        0x4 ./Core/Src/main.o
                0x0000000020007458                mag_value
 .bss.hann_multiplier
                0x000000002000745c     0x1f40 ./Core/Src/main.o
                0x000000002000745c                hann_multiplier
 .bss.HAL_RCC_ADC12_CLK_ENABLED
                0x000000002000939c        0x4 ./Core/Src/stm32f3xx_hal_msp.o
 .bss.uwTick    0x00000000200093a0        0x4 ./Drivers/STM32F3xx_HAL_Driver/Src/stm32f3xx_hal.o
                0x00000000200093a0                uwTick
 *(COMMON)
                0x00000000200093a4                . = ALIGN (0x4)
                0x00000000200093a4                _ebss = .
                0x00000000200093a4                __bss_end__ = _ebss

._user_heap_stack
                0x00000000200093a4      0x604
                0x00000000200093a8                . = ALIGN (0x8)
 *fill*         0x00000000200093a4        0x4 
                [!provide]                        PROVIDE (end = .)
                [!provide]                        PROVIDE (_end = .)
                0x00000000200095a8                . = (. + _Min_Heap_Size)
 *fill*         0x00000000200093a8      0x200 
                0x00000000200099a8                . = (. + _Min_Stack_Size)
 *fill*         0x00000000200095a8      0x400 
                0x00000000200099a8                . = ALIGN (0x8)

/DISCARD/
 libc.a(*)
 libm.a(*)
 libgcc.a(*)

.ARM.attributes
                0x0000000000000000       0x30
 *(.ARM.attributes)
 .ARM.attributes
                0x0000000000000000       0x1e c:/st/stm32cubeide_1.12.1/stm32cubeide/plugins/com.st.stm32cube.ide.mcu.externaltools.gnu-tools-for-stm32.10.3-2021.10.win32_1.0.200.202301161003/tools/bin/../lib/gcc/arm-none-eabi/10.3.1/thumb/v7e-m+fp/hard/crti.o
 .ARM.attributes
                0x000000000000001e       0x34 c:/st/stm32cubeide_1.12.1/stm32cubeide/plugins/com.st.stm32cube.ide.mcu.externaltools.gnu-tools-for-stm32.10.3-2021.10.win32_1.0.200.202301161003/tools/bin/../lib/gcc/arm-none-eabi/10.3.1/thumb/v7e-m+fp/hard/crtbegin.o
 .ARM.attributes
                0x0000000000000052       0x34 ./Core/Src/main.o
 .ARM.attributes
                0x0000000000000086       0x34 ./Core/Src/ring_buffer.o
 .ARM.attributes
                0x00000000000000ba       0x34 ./Core/Src/state_machine.o
 .ARM.attributes
                0x00000000000000ee       0x34 ./Core/Src/stm32f3xx_hal_msp.o
 .ARM.attributes
                0x0000000000000122       0x34 ./Core/Src/stm32f3xx_it.o
 .ARM.attributes
                0x0000000000000156       0x34 ./Core/Src/system_stm32f3xx.o
 .ARM.attributes
                0x000000000000018a       0x21 ./Core/Startup/startup_stm32f303zetx.o
 .ARM.attributes
                0x00000000000001ab       0x34 ./Drivers/STM32F3xx_HAL_Driver/Src/stm32f3xx_hal.o
 .ARM.attributes
                0x00000000000001df       0x34 ./Drivers/STM32F3xx_HAL_Driver/Src/stm32f3xx_hal_adc.o
 .ARM.attributes
                0x0000000000000213       0x34 ./Drivers/STM32F3xx_HAL_Driver/Src/stm32f3xx_hal_adc_ex.o
 .ARM.attributes
                0x0000000000000247       0x34 ./Drivers/STM32F3xx_HAL_Driver/Src/stm32f3xx_hal_cortex.o
 .ARM.attributes
                0x000000000000027b       0x34 ./Drivers/STM32F3xx_HAL_Driver/Src/stm32f3xx_hal_dac.o
 .ARM.attributes
                0x00000000000002af       0x34 ./Drivers/STM32F3xx_HAL_Driver/Src/stm32f3xx_hal_dac_ex.o
 .ARM.attributes
                0x00000000000002e3       0x34 ./Drivers/STM32F3xx_HAL_Driver/Src/stm32f3xx_hal_dma.o
 .ARM.attributes
                0x0000000000000317       0x34 ./Drivers/STM32F3xx_HAL_Driver/Src/stm32f3xx_hal_gpio.o
 .ARM.attributes
                0x000000000000034b       0x34 ./Drivers/STM32F3xx_HAL_Driver/Src/stm32f3xx_hal_pwr.o
 .ARM.attributes
                0x000000000000037f       0x34 ./Drivers/STM32F3xx_HAL_Driver/Src/stm32f3xx_hal_rcc.o
 .ARM.attributes
                0x00000000000003b3       0x34 ./Drivers/STM32F3xx_HAL_Driver/Src/stm32f3xx_hal_rcc_ex.o
 .ARM.attributes
                0x00000000000003e7       0x34 ./Drivers/STM32F3xx_HAL_Driver/Src/stm32f3xx_hal_rtc.o
 .ARM.attributes
                0x000000000000041b       0x34 ./Drivers/STM32F3xx_HAL_Driver/Src/stm32f3xx_hal_tim.o
 .ARM.attributes
                0x000000000000044f       0x34 ./Drivers/STM32F3xx_HAL_Driver/Src/stm32f3xx_hal_tim_ex.o
 .ARM.attributes
                0x0000000000000483       0x34 ./Drivers/STM32F3xx_HAL_Driver/Src/stm32f3xx_hal_uart.o
 .ARM.attributes
                0x00000000000004b7       0x34 ./Drivers/STM32F3xx_HAL_Driver/Src/stm32f3xx_hal_uart_ex.o
 .ARM.attributes
                0x00000000000004eb       0x39 C:\Users\ASUS\STM32CubeIDE\workspace_1.12.1\UTOM_V32\Drivers\CMSIS\Lib\GCC\libarm_cortexM4lf_math.a(arm_rfft_fast_init_f32.o)
 .ARM.attributes
                0x0000000000000524       0x39 C:\Users\ASUS\STM32CubeIDE\workspace_1.12.1\UTOM_V32\Drivers\CMSIS\Lib\GCC\libarm_cortexM4lf_math.a(arm_rfft_fast_f32.o)
 .ARM.attributes
                0x000000000000055d       0x39 C:\Users\ASUS\STM32CubeIDE\workspace_1.12.1\UTOM_V32\Drivers\CMSIS\Lib\GCC\libarm_cortexM4lf_math.a(arm_cfft_f32.o)
 .ARM.attributes
                0x0000000000000596       0x39 C:\Users\ASUS\STM32CubeIDE\workspace_1.12.1\UTOM_V32\Drivers\CMSIS\Lib\GCC\libarm_cortexM4lf_math.a(arm_common_tables.o)
 .ARM.attributes
                0x00000000000005cf       0x25 C:\Users\ASUS\STM32CubeIDE\workspace_1.12.1\UTOM_V32\Drivers\CMSIS\Lib\GCC\libarm_cortexM4lf_math.a(arm_bitreversal2.o)
 .ARM.attributes
                0x00000000000005f4       0x39 C:\Users\ASUS\STM32CubeIDE\workspace_1.12.1\UTOM_V32\Drivers\CMSIS\Lib\GCC\libarm_cortexM4lf_math.a(arm_cfft_radix8_f32.o)
 .ARM.attributes
                0x000000000000062d       0x34 c:/st/stm32cubeide_1.12.1/stm32cubeide/plugins/com.st.stm32cube.ide.mcu.externaltools.gnu-tools-for-stm32.10.3-2021.10.win32_1.0.200.202301161003/tools/bin/../lib/gcc/arm-none-eabi/10.3.1/../../../../arm-none-eabi/lib/thumb/v7e-m+fp/hard\libc_nano.a(lib_a-impure.o)
 .ARM.attributes
                0x0000000000000661       0x34 c:/st/stm32cubeide_1.12.1/stm32cubeide/plugins/com.st.stm32cube.ide.mcu.externaltools.gnu-tools-for-stm32.10.3-2021.10.win32_1.0.200.202301161003/tools/bin/../lib/gcc/arm-none-eabi/10.3.1/../../../../arm-none-eabi/lib/thumb/v7e-m+fp/hard\libc_nano.a(lib_a-init.o)
 .ARM.attributes
                0x0000000000000695       0x34 c:/st/stm32cubeide_1.12.1/stm32cubeide/plugins/com.st.stm32cube.ide.mcu.externaltools.gnu-tools-for-stm32.10.3-2021.10.win32_1.0.200.202301161003/tools/bin/../lib/gcc/arm-none-eabi/10.3.1/../../../../arm-none-eabi/lib/thumb/v7e-m+fp/hard\libc_nano.a(lib_a-memcpy-stub.o)
 .ARM.attributes
                0x00000000000006c9       0x34 c:/st/stm32cubeide_1.12.1/stm32cubeide/plugins/com.st.stm32cube.ide.mcu.externaltools.gnu-tools-for-stm32.10.3-2021.10.win32_1.0.200.202301161003/tools/bin/../lib/gcc/arm-none-eabi/10.3.1/../../../../arm-none-eabi/lib/thumb/v7e-m+fp/hard\libc_nano.a(lib_a-memset.o)
 .ARM.attributes
                0x00000000000006fd       0x34 c:/st/stm32cubeide_1.12.1/stm32cubeide/plugins/com.st.stm32cube.ide.mcu.externaltools.gnu-tools-for-stm32.10.3-2021.10.win32_1.0.200.202301161003/tools/bin/../lib/gcc/arm-none-eabi/10.3.1/../../../../arm-none-eabi/lib/thumb/v7e-m+fp/hard\libm.a(lib_a-s_cos.o)
 .ARM.attributes
                0x0000000000000731       0x34 c:/st/stm32cubeide_1.12.1/stm32cubeide/plugins/com.st.stm32cube.ide.mcu.externaltools.gnu-tools-for-stm32.10.3-2021.10.win32_1.0.200.202301161003/tools/bin/../lib/gcc/arm-none-eabi/10.3.1/../../../../arm-none-eabi/lib/thumb/v7e-m+fp/hard\libm.a(lib_a-wf_sqrt.o)
 .ARM.attributes
                0x0000000000000765       0x34 c:/st/stm32cubeide_1.12.1/stm32cubeide/plugins/com.st.stm32cube.ide.mcu.externaltools.gnu-tools-for-stm32.10.3-2021.10.win32_1.0.200.202301161003/tools/bin/../lib/gcc/arm-none-eabi/10.3.1/../../../../arm-none-eabi/lib/thumb/v7e-m+fp/hard\libm.a(lib_a-e_rem_pio2.o)
 .ARM.attributes
                0x0000000000000799       0x34 c:/st/stm32cubeide_1.12.1/stm32cubeide/plugins/com.st.stm32cube.ide.mcu.externaltools.gnu-tools-for-stm32.10.3-2021.10.win32_1.0.200.202301161003/tools/bin/../lib/gcc/arm-none-eabi/10.3.1/../../../../arm-none-eabi/lib/thumb/v7e-m+fp/hard\libm.a(lib_a-ef_sqrt.o)
 .ARM.attributes
                0x00000000000007cd       0x34 c:/st/stm32cubeide_1.12.1/stm32cubeide/plugins/com.st.stm32cube.ide.mcu.externaltools.gnu-tools-for-stm32.10.3-2021.10.win32_1.0.200.202301161003/tools/bin/../lib/gcc/arm-none-eabi/10.3.1/../../../../arm-none-eabi/lib/thumb/v7e-m+fp/hard\libm.a(lib_a-k_cos.o)
 .ARM.attributes
                0x0000000000000801       0x34 c:/st/stm32cubeide_1.12.1/stm32cubeide/plugins/com.st.stm32cube.ide.mcu.externaltools.gnu-tools-for-stm32.10.3-2021.10.win32_1.0.200.202301161003/tools/bin/../lib/gcc/arm-none-eabi/10.3.1/../../../../arm-none-eabi/lib/thumb/v7e-m+fp/hard\libm.a(lib_a-k_rem_pio2.o)
 .ARM.attributes
                0x0000000000000835       0x34 c:/st/stm32cubeide_1.12.1/stm32cubeide/plugins/com.st.stm32cube.ide.mcu.externaltools.gnu-tools-for-stm32.10.3-2021.10.win32_1.0.200.202301161003/tools/bin/../lib/gcc/arm-none-eabi/10.3.1/../../../../arm-none-eabi/lib/thumb/v7e-m+fp/hard\libm.a(lib_a-k_sin.o)
 .ARM.attributes
                0x0000000000000869       0x34 c:/st/stm32cubeide_1.12.1/stm32cubeide/plugins/com.st.stm32cube.ide.mcu.externaltools.gnu-tools-for-stm32.10.3-2021.10.win32_1.0.200.202301161003/tools/bin/../lib/gcc/arm-none-eabi/10.3.1/../../../../arm-none-eabi/lib/thumb/v7e-m+fp/hard\libm.a(lib_a-s_fabs.o)
 .ARM.attributes
                0x000000000000089d       0x34 c:/st/stm32cubeide_1.12.1/stm32cubeide/plugins/com.st.stm32cube.ide.mcu.externaltools.gnu-tools-for-stm32.10.3-2021.10.win32_1.0.200.202301161003/tools/bin/../lib/gcc/arm-none-eabi/10.3.1/../../../../arm-none-eabi/lib/thumb/v7e-m+fp/hard\libm.a(lib_a-s_floor.o)
 .ARM.attributes
                0x00000000000008d1       0x34 c:/st/stm32cubeide_1.12.1/stm32cubeide/plugins/com.st.stm32cube.ide.mcu.externaltools.gnu-tools-for-stm32.10.3-2021.10.win32_1.0.200.202301161003/tools/bin/../lib/gcc/arm-none-eabi/10.3.1/../../../../arm-none-eabi/lib/thumb/v7e-m+fp/hard\libm.a(lib_a-s_scalbn.o)
 .ARM.attributes
                0x0000000000000905       0x34 c:/st/stm32cubeide_1.12.1/stm32cubeide/plugins/com.st.stm32cube.ide.mcu.externaltools.gnu-tools-for-stm32.10.3-2021.10.win32_1.0.200.202301161003/tools/bin/../lib/gcc/arm-none-eabi/10.3.1/../../../../arm-none-eabi/lib/thumb/v7e-m+fp/hard\libc_nano.a(lib_a-errno.o)
 .ARM.attributes
                0x0000000000000939       0x1e c:/st/stm32cubeide_1.12.1/stm32cubeide/plugins/com.st.stm32cube.ide.mcu.externaltools.gnu-tools-for-stm32.10.3-2021.10.win32_1.0.200.202301161003/tools/bin/../lib/gcc/arm-none-eabi/10.3.1/thumb/v7e-m+fp/hard\libgcc.a(_arm_muldf3.o)
 .ARM.attributes
                0x0000000000000957       0x1e c:/st/stm32cubeide_1.12.1/stm32cubeide/plugins/com.st.stm32cube.ide.mcu.externaltools.gnu-tools-for-stm32.10.3-2021.10.win32_1.0.200.202301161003/tools/bin/../lib/gcc/arm-none-eabi/10.3.1/thumb/v7e-m+fp/hard\libgcc.a(_arm_addsubdf3.o)
 .ARM.attributes
                0x0000000000000975       0x1e c:/st/stm32cubeide_1.12.1/stm32cubeide/plugins/com.st.stm32cube.ide.mcu.externaltools.gnu-tools-for-stm32.10.3-2021.10.win32_1.0.200.202301161003/tools/bin/../lib/gcc/arm-none-eabi/10.3.1/thumb/v7e-m+fp/hard\libgcc.a(_arm_cmpdf2.o)
 .ARM.attributes
                0x0000000000000993       0x1e c:/st/stm32cubeide_1.12.1/stm32cubeide/plugins/com.st.stm32cube.ide.mcu.externaltools.gnu-tools-for-stm32.10.3-2021.10.win32_1.0.200.202301161003/tools/bin/../lib/gcc/arm-none-eabi/10.3.1/thumb/v7e-m+fp/hard\libgcc.a(_arm_fixdfsi.o)
 .ARM.attributes
                0x00000000000009b1       0x1e c:/st/stm32cubeide_1.12.1/stm32cubeide/plugins/com.st.stm32cube.ide.mcu.externaltools.gnu-tools-for-stm32.10.3-2021.10.win32_1.0.200.202301161003/tools/bin/../lib/gcc/arm-none-eabi/10.3.1/thumb/v7e-m+fp/hard\libgcc.a(_arm_truncdfsf2.o)
 .ARM.attributes
                0x00000000000009cf       0x1e c:/st/stm32cubeide_1.12.1/stm32cubeide/plugins/com.st.stm32cube.ide.mcu.externaltools.gnu-tools-for-stm32.10.3-2021.10.win32_1.0.200.202301161003/tools/bin/../lib/gcc/arm-none-eabi/10.3.1/thumb/v7e-m+fp/hard/crtn.o
OUTPUT(UTOM_V32.elf elf32-littlearm)
LOAD linker stubs
LOAD c:/st/stm32cubeide_1.12.1/stm32cubeide/plugins/com.st.stm32cube.ide.mcu.externaltools.gnu-tools-for-stm32.10.3-2021.10.win32_1.0.200.202301161003/tools/bin/../lib/gcc/arm-none-eabi/10.3.1/../../../../arm-none-eabi/lib/thumb/v7e-m+fp/hard\libc.a
LOAD c:/st/stm32cubeide_1.12.1/stm32cubeide/plugins/com.st.stm32cube.ide.mcu.externaltools.gnu-tools-for-stm32.10.3-2021.10.win32_1.0.200.202301161003/tools/bin/../lib/gcc/arm-none-eabi/10.3.1/../../../../arm-none-eabi/lib/thumb/v7e-m+fp/hard\libm.a
LOAD c:/st/stm32cubeide_1.12.1/stm32cubeide/plugins/com.st.stm32cube.ide.mcu.externaltools.gnu-tools-for-stm32.10.3-2021.10.win32_1.0.200.202301161003/tools/bin/../lib/gcc/arm-none-eabi/10.3.1/thumb/v7e-m+fp/hard\libgcc.a

.debug_info     0x0000000000000000    0x18da5
 .debug_info    0x0000000000000000     0x2b8b ./Core/Src/main.o
 .debug_info    0x0000000000002b8b      0x36c ./Core/Src/ring_buffer.o
 .debug_info    0x0000000000002ef7      0x182 ./Core/Src/state_machine.o
 .debug_info    0x0000000000003079     0x1bd9 ./Core/Src/stm32f3xx_hal_msp.o
 .debug_info    0x0000000000004c52      0x7ea ./Core/Src/stm32f3xx_it.o
 .debug_info    0x000000000000543c      0x416 ./Core/Src/system_stm32f3xx.o
 .debug_info    0x0000000000005852       0x22 ./Core/Startup/startup_stm32f303zetx.o
 .debug_info    0x0000000000005874      0x837 ./Drivers/STM32F3xx_HAL_Driver/Src/stm32f3xx_hal.o
 .debug_info    0x00000000000060ab      0xb9e ./Drivers/STM32F3xx_HAL_Driver/Src/stm32f3xx_hal_adc.o
 .debug_info    0x0000000000006c49     0x16d2 ./Drivers/STM32F3xx_HAL_Driver/Src/stm32f3xx_hal_adc_ex.o
 .debug_info    0x000000000000831b      0xdea ./Drivers/STM32F3xx_HAL_Driver/Src/stm32f3xx_hal_cortex.o
 .debug_info    0x0000000000009105      0x8a9 ./Drivers/STM32F3xx_HAL_Driver/Src/stm32f3xx_hal_dac.o
 .debug_info    0x00000000000099ae      0xa64 ./Drivers/STM32F3xx_HAL_Driver/Src/stm32f3xx_hal_dac_ex.o
 .debug_info    0x000000000000a412      0x757 ./Drivers/STM32F3xx_HAL_Driver/Src/stm32f3xx_hal_dma.o
 .debug_info    0x000000000000ab69      0x74e ./Drivers/STM32F3xx_HAL_Driver/Src/stm32f3xx_hal_gpio.o
 .debug_info    0x000000000000b2b7      0x4ca ./Drivers/STM32F3xx_HAL_Driver/Src/stm32f3xx_hal_pwr.o
 .debug_info    0x000000000000b781     0x152c ./Drivers/STM32F3xx_HAL_Driver/Src/stm32f3xx_hal_rcc.o
 .debug_info    0x000000000000ccad      0x642 ./Drivers/STM32F3xx_HAL_Driver/Src/stm32f3xx_hal_rcc_ex.o
 .debug_info    0x000000000000d2ef      0xd32 ./Drivers/STM32F3xx_HAL_Driver/Src/stm32f3xx_hal_rtc.o
 .debug_info    0x000000000000e021     0x2cfb ./Drivers/STM32F3xx_HAL_Driver/Src/stm32f3xx_hal_tim.o
 .debug_info    0x0000000000010d1c     0x16a8 ./Drivers/STM32F3xx_HAL_Driver/Src/stm32f3xx_hal_tim_ex.o
 .debug_info    0x00000000000123c4     0x3bf8 ./Drivers/STM32F3xx_HAL_Driver/Src/stm32f3xx_hal_uart.o
 .debug_info    0x0000000000015fbc      0xd2e ./Drivers/STM32F3xx_HAL_Driver/Src/stm32f3xx_hal_uart_ex.o
 .debug_info    0x0000000000016cea      0x4c7 C:\Users\ASUS\STM32CubeIDE\workspace_1.12.1\UTOM_V32\Drivers\CMSIS\Lib\GCC\libarm_cortexM4lf_math.a(arm_rfft_fast_init_f32.o)
 .debug_info    0x00000000000171b1      0x70d C:\Users\ASUS\STM32CubeIDE\workspace_1.12.1\UTOM_V32\Drivers\CMSIS\Lib\GCC\libarm_cortexM4lf_math.a(arm_rfft_fast_f32.o)
 .debug_info    0x00000000000178be      0x685 C:\Users\ASUS\STM32CubeIDE\workspace_1.12.1\UTOM_V32\Drivers\CMSIS\Lib\GCC\libarm_cortexM4lf_math.a(arm_cfft_f32.o)
 .debug_info    0x0000000000017f43      0x9b1 C:\Users\ASUS\STM32CubeIDE\workspace_1.12.1\UTOM_V32\Drivers\CMSIS\Lib\GCC\libarm_cortexM4lf_math.a(arm_common_tables.o)
 .debug_info    0x00000000000188f4       0x98 C:\Users\ASUS\STM32CubeIDE\workspace_1.12.1\UTOM_V32\Drivers\CMSIS\Lib\GCC\libarm_cortexM4lf_math.a(arm_bitreversal2.o)
 .debug_info    0x000000000001898c      0x419 C:\Users\ASUS\STM32CubeIDE\workspace_1.12.1\UTOM_V32\Drivers\CMSIS\Lib\GCC\libarm_cortexM4lf_math.a(arm_cfft_radix8_f32.o)

.debug_abbrev   0x0000000000000000     0x3320
 .debug_abbrev  0x0000000000000000      0x364 ./Core/Src/main.o
 .debug_abbrev  0x0000000000000364      0x178 ./Core/Src/ring_buffer.o
 .debug_abbrev  0x00000000000004dc       0xb1 ./Core/Src/state_machine.o
 .debug_abbrev  0x000000000000058d      0x2a4 ./Core/Src/stm32f3xx_hal_msp.o
 .debug_abbrev  0x0000000000000831      0x180 ./Core/Src/stm32f3xx_it.o
 .debug_abbrev  0x00000000000009b1      0x116 ./Core/Src/system_stm32f3xx.o
 .debug_abbrev  0x0000000000000ac7       0x12 ./Core/Startup/startup_stm32f303zetx.o
 .debug_abbrev  0x0000000000000ad9      0x20e ./Drivers/STM32F3xx_HAL_Driver/Src/stm32f3xx_hal.o
 .debug_abbrev  0x0000000000000ce7      0x17a ./Drivers/STM32F3xx_HAL_Driver/Src/stm32f3xx_hal_adc.o
 .debug_abbrev  0x0000000000000e61      0x27a ./Drivers/STM32F3xx_HAL_Driver/Src/stm32f3xx_hal_adc_ex.o
 .debug_abbrev  0x00000000000010db      0x30d ./Drivers/STM32F3xx_HAL_Driver/Src/stm32f3xx_hal_cortex.o
 .debug_abbrev  0x00000000000013e8      0x19d ./Drivers/STM32F3xx_HAL_Driver/Src/stm32f3xx_hal_dac.o
 .debug_abbrev  0x0000000000001585      0x24a ./Drivers/STM32F3xx_HAL_Driver/Src/stm32f3xx_hal_dac_ex.o
 .debug_abbrev  0x00000000000017cf      0x1fe ./Drivers/STM32F3xx_HAL_Driver/Src/stm32f3xx_hal_dma.o
 .debug_abbrev  0x00000000000019cd      0x1bb ./Drivers/STM32F3xx_HAL_Driver/Src/stm32f3xx_hal_gpio.o
 .debug_abbrev  0x0000000000001b88      0x13b ./Drivers/STM32F3xx_HAL_Driver/Src/stm32f3xx_hal_pwr.o
 .debug_abbrev  0x0000000000001cc3      0x2f9 ./Drivers/STM32F3xx_HAL_Driver/Src/stm32f3xx_hal_rcc.o
 .debug_abbrev  0x0000000000001fbc      0x21c ./Drivers/STM32F3xx_HAL_Driver/Src/stm32f3xx_hal_rcc_ex.o
 .debug_abbrev  0x00000000000021d8      0x1cf ./Drivers/STM32F3xx_HAL_Driver/Src/stm32f3xx_hal_rtc.o
 .debug_abbrev  0x00000000000023a7      0x264 ./Drivers/STM32F3xx_HAL_Driver/Src/stm32f3xx_hal_tim.o
 .debug_abbrev  0x000000000000260b      0x26c ./Drivers/STM32F3xx_HAL_Driver/Src/stm32f3xx_hal_tim_ex.o
 .debug_abbrev  0x0000000000002877      0x2bc ./Drivers/STM32F3xx_HAL_Driver/Src/stm32f3xx_hal_uart.o
 .debug_abbrev  0x0000000000002b33      0x2ab ./Drivers/STM32F3xx_HAL_Driver/Src/stm32f3xx_hal_uart_ex.o
 .debug_abbrev  0x0000000000002dde      0x108 C:\Users\ASUS\STM32CubeIDE\workspace_1.12.1\UTOM_V32\Drivers\CMSIS\Lib\GCC\libarm_cortexM4lf_math.a(arm_rfft_fast_init_f32.o)
 .debug_abbrev  0x0000000000002ee6      0x177 C:\Users\ASUS\STM32CubeIDE\workspace_1.12.1\UTOM_V32\Drivers\CMSIS\Lib\GCC\libarm_cortexM4lf_math.a(arm_rfft_fast_f32.o)
 .debug_abbrev  0x000000000000305d      0x183 C:\Users\ASUS\STM32CubeIDE\workspace_1.12.1\UTOM_V32\Drivers\CMSIS\Lib\GCC\libarm_cortexM4lf_math.a(arm_cfft_f32.o)
 .debug_abbrev  0x00000000000031e0       0x84 C:\Users\ASUS\STM32CubeIDE\workspace_1.12.1\UTOM_V32\Drivers\CMSIS\Lib\GCC\libarm_cortexM4lf_math.a(arm_common_tables.o)
 .debug_abbrev  0x0000000000003264       0x14 C:\Users\ASUS\STM32CubeIDE\workspace_1.12.1\UTOM_V32\Drivers\CMSIS\Lib\GCC\libarm_cortexM4lf_math.a(arm_bitreversal2.o)
 .debug_abbrev  0x0000000000003278       0xa8 C:\Users\ASUS\STM32CubeIDE\workspace_1.12.1\UTOM_V32\Drivers\CMSIS\Lib\GCC\libarm_cortexM4lf_math.a(arm_cfft_radix8_f32.o)

.debug_aranges  0x0000000000000000     0x1440
 .debug_aranges
                0x0000000000000000       0xf0 ./Core/Src/main.o
 .debug_aranges
                0x00000000000000f0       0x68 ./Core/Src/ring_buffer.o
 .debug_aranges
                0x0000000000000158       0x20 ./Core/Src/state_machine.o
 .debug_aranges
                0x0000000000000178       0x88 ./Core/Src/stm32f3xx_hal_msp.o
 .debug_aranges
                0x0000000000000200       0x90 ./Core/Src/stm32f3xx_it.o
 .debug_aranges
                0x0000000000000290       0x28 ./Core/Src/system_stm32f3xx.o
 .debug_aranges
                0x00000000000002b8       0x28 ./Core/Startup/startup_stm32f303zetx.o
 .debug_aranges
                0x00000000000002e0       0xe0 ./Drivers/STM32F3xx_HAL_Driver/Src/stm32f3xx_hal.o
 .debug_aranges
                0x00000000000003c0       0xc8 ./Drivers/STM32F3xx_HAL_Driver/Src/stm32f3xx_hal_adc.o
 .debug_aranges
                0x0000000000000488      0x168 ./Drivers/STM32F3xx_HAL_Driver/Src/stm32f3xx_hal_adc_ex.o
 .debug_aranges
                0x00000000000005f0      0x128 ./Drivers/STM32F3xx_HAL_Driver/Src/stm32f3xx_hal_cortex.o
 .debug_aranges
                0x0000000000000718       0xa8 ./Drivers/STM32F3xx_HAL_Driver/Src/stm32f3xx_hal_dac.o
 .debug_aranges
                0x00000000000007c0       0xb8 ./Drivers/STM32F3xx_HAL_Driver/Src/stm32f3xx_hal_dac_ex.o
 .debug_aranges
                0x0000000000000878       0x88 ./Drivers/STM32F3xx_HAL_Driver/Src/stm32f3xx_hal_dma.o
 .debug_aranges
                0x0000000000000900       0x58 ./Drivers/STM32F3xx_HAL_Driver/Src/stm32f3xx_hal_gpio.o
 .debug_aranges
                0x0000000000000958       0x78 ./Drivers/STM32F3xx_HAL_Driver/Src/stm32f3xx_hal_pwr.o
 .debug_aranges
                0x00000000000009d0       0x88 ./Drivers/STM32F3xx_HAL_Driver/Src/stm32f3xx_hal_rcc.o
 .debug_aranges
                0x0000000000000a58       0x38 ./Drivers/STM32F3xx_HAL_Driver/Src/stm32f3xx_hal_rcc_ex.o
 .debug_aranges
                0x0000000000000a90       0xe8 ./Drivers/STM32F3xx_HAL_Driver/Src/stm32f3xx_hal_rtc.o
 .debug_aranges
                0x0000000000000b78      0x3e0 ./Drivers/STM32F3xx_HAL_Driver/Src/stm32f3xx_hal_tim.o
 .debug_aranges
                0x0000000000000f58      0x178 ./Drivers/STM32F3xx_HAL_Driver/Src/stm32f3xx_hal_tim_ex.o
 .debug_aranges
                0x00000000000010d0      0x228 ./Drivers/STM32F3xx_HAL_Driver/Src/stm32f3xx_hal_uart.o
 .debug_aranges
                0x00000000000012f8       0x70 ./Drivers/STM32F3xx_HAL_Driver/Src/stm32f3xx_hal_uart_ex.o
 .debug_aranges
                0x0000000000001368       0x20 C:\Users\ASUS\STM32CubeIDE\workspace_1.12.1\UTOM_V32\Drivers\CMSIS\Lib\GCC\libarm_cortexM4lf_math.a(arm_rfft_fast_init_f32.o)
 .debug_aranges
                0x0000000000001388       0x30 C:\Users\ASUS\STM32CubeIDE\workspace_1.12.1\UTOM_V32\Drivers\CMSIS\Lib\GCC\libarm_cortexM4lf_math.a(arm_rfft_fast_f32.o)
 .debug_aranges
                0x00000000000013b8       0x30 C:\Users\ASUS\STM32CubeIDE\workspace_1.12.1\UTOM_V32\Drivers\CMSIS\Lib\GCC\libarm_cortexM4lf_math.a(arm_cfft_f32.o)
 .debug_aranges
                0x00000000000013e8       0x18 C:\Users\ASUS\STM32CubeIDE\workspace_1.12.1\UTOM_V32\Drivers\CMSIS\Lib\GCC\libarm_cortexM4lf_math.a(arm_common_tables.o)
 .debug_aranges
                0x0000000000001400       0x20 C:\Users\ASUS\STM32CubeIDE\workspace_1.12.1\UTOM_V32\Drivers\CMSIS\Lib\GCC\libarm_cortexM4lf_math.a(arm_bitreversal2.o)
 .debug_aranges
                0x0000000000001420       0x20 C:\Users\ASUS\STM32CubeIDE\workspace_1.12.1\UTOM_V32\Drivers\CMSIS\Lib\GCC\libarm_cortexM4lf_math.a(arm_cfft_radix8_f32.o)

.debug_ranges   0x0000000000000000     0x1290
 .debug_ranges  0x0000000000000000       0xe0 ./Core/Src/main.o
 .debug_ranges  0x00000000000000e0       0x58 ./Core/Src/ring_buffer.o
 .debug_ranges  0x0000000000000138       0x10 ./Core/Src/state_machine.o
 .debug_ranges  0x0000000000000148       0x78 ./Core/Src/stm32f3xx_hal_msp.o
 .debug_ranges  0x00000000000001c0       0x80 ./Core/Src/stm32f3xx_it.o
 .debug_ranges  0x0000000000000240       0x18 ./Core/Src/system_stm32f3xx.o
 .debug_ranges  0x0000000000000258       0x20 ./Core/Startup/startup_stm32f303zetx.o
 .debug_ranges  0x0000000000000278       0xd0 ./Drivers/STM32F3xx_HAL_Driver/Src/stm32f3xx_hal.o
 .debug_ranges  0x0000000000000348       0xb8 ./Drivers/STM32F3xx_HAL_Driver/Src/stm32f3xx_hal_adc.o
 .debug_ranges  0x0000000000000400      0x158 ./Drivers/STM32F3xx_HAL_Driver/Src/stm32f3xx_hal_adc_ex.o
 .debug_ranges  0x0000000000000558      0x118 ./Drivers/STM32F3xx_HAL_Driver/Src/stm32f3xx_hal_cortex.o
 .debug_ranges  0x0000000000000670       0x98 ./Drivers/STM32F3xx_HAL_Driver/Src/stm32f3xx_hal_dac.o
 .debug_ranges  0x0000000000000708       0xa8 ./Drivers/STM32F3xx_HAL_Driver/Src/stm32f3xx_hal_dac_ex.o
 .debug_ranges  0x00000000000007b0       0x78 ./Drivers/STM32F3xx_HAL_Driver/Src/stm32f3xx_hal_dma.o
 .debug_ranges  0x0000000000000828       0x48 ./Drivers/STM32F3xx_HAL_Driver/Src/stm32f3xx_hal_gpio.o
 .debug_ranges  0x0000000000000870       0x68 ./Drivers/STM32F3xx_HAL_Driver/Src/stm32f3xx_hal_pwr.o
 .debug_ranges  0x00000000000008d8       0x78 ./Drivers/STM32F3xx_HAL_Driver/Src/stm32f3xx_hal_rcc.o
 .debug_ranges  0x0000000000000950       0x28 ./Drivers/STM32F3xx_HAL_Driver/Src/stm32f3xx_hal_rcc_ex.o
 .debug_ranges  0x0000000000000978       0xd8 ./Drivers/STM32F3xx_HAL_Driver/Src/stm32f3xx_hal_rtc.o
 .debug_ranges  0x0000000000000a50      0x3d0 ./Drivers/STM32F3xx_HAL_Driver/Src/stm32f3xx_hal_tim.o